Product: MDK-ARM Standard 5.10
Component: ARM Compiler 5.04 update 1 (build 49)
Tool: armlink [5040049]

==============================================================================

Section Cross References

    main.o(.text) refers to mpu6050.o(.text) for MPU6050_Init
    main.o(.text) refers to imu.o(.text) for Prepare_Data
    main.o(.text) refers to balance.o(.text) for Balance
    main.o(.text) refers to data_transfer.o(.text) for Ex_Init
    main.o(.text) refers to pwm.o(.text) for TIM2_PWM_Init
    main.o(.text) refers to stm32f4xx_tim.o(.text) for TIM_SetCompare1
    main.o(.text) refers to stm32f4xx_gpio.o(.text) for GPIO_WriteBit
    main.o(.text) refers to g32_timer_cap.o(.text) for TIM3_Cap_Init
    main.o(.text) refers to rc.o(.text) for Rc_DataAnl
    main.o(.text) refers to minos_delay.o(.text) for delay_ms
    main.o(.text) refers to main.o(.data) for _lc
    main.o(.text) refers to mpu6050.o(.data) for MPU6050_ACC_LAST
    main.o(.text) refers to data_transfer.o(.data) for Acc
    main.o(.text) refers to imu.o(.bss) for Att_Angle
    main.o(.text) refers to rc.o(.data) for RC_Control
    main.o(.text) refers to rc.o(.bss) for Rc_D
    main.o(.text) refers to data_transfer.o(.bss) for Ex_ON_OFF
    main.o(.text) refers to g32_timer_cap.o(.data) for TIM4_CAPTURE_STA_CH1
    main.o(.text) refers to main.o(.bss) for Rc_Pwm_In
    main.o(.text) refers to px4flow.o(.text) for PX4FLOW_Read
    main.o(.text) refers to oled.o(.text) for Oled_Init
    main.o(.text) refers to stm32f4xx_rcc.o(.text) for RCC_AHB1PeriphClockCmd
    main.o(.text) refers to sys.o(.text) for NVIC_Configuration
    main.o(.text) refers to usart.o(.text) for uart3_init
    main.o(.text) refers to sys_usart.o(.text) for Sys_Printf
    main.o(.text) refers to sys_os.o(.bss) for timers
    stm32f4xx_it.o(.text) refers to sys_usart.o(.text) for SYS_UART_IQR
    stm32f4xx_it.o(.text) refers to g32_timer_cap.o(.text) for TIM3_Cap_IRQ
    stm32f4xx_it.o(.text) refers to stm32f4xx_it.o(.data) for TIM6_IRQ
    stm32f4xx_it.o(.text) refers to sys_os.o(.bss) for timers
    imu.o(.text) refers to f2d.o(x$fpl$f2d) for __aeabi_f2d
    imu.o(.text) refers to sqrt.o(i.__hardfp_sqrt) for __hardfp_sqrt
    imu.o(.text) refers to d2f.o(x$fpl$d2f) for __aeabi_d2f
    imu.o(.text) refers to imu.o(.bss) for ACC_Z_BUF
    imu.o(.text) refers to imu.o(.data) for temp3
    imu.o(.text) refers to dflt_clz.o(x$fpl$dflt) for __aeabi_i2d
    imu.o(.text) refers to dmul.o(x$fpl$dmul) for __aeabi_dmul
    imu.o(.text) refers to asin.o(i.__hardfp_asin) for __hardfp_asin
    imu.o(.text) refers to daddsub_clz.o(x$fpl$dadd) for __aeabi_dadd
    imu.o(.text) refers to atan2.o(i.__hardfp_atan2) for __hardfp_atan2
    imu.o(.text) refers to basic.o(x$fpl$basic) for __aeabi_dneg
    imu.o(.text) refers to daddsub_clz.o(x$fpl$dsub) for __aeabi_dsub
    imu.o(.text) refers to mpu6050.o(.data) for MPU6050_GYRO_LAST
    rc.o(.text) refers to rc.o(.bss) for Rc_Data
    rc.o(.text) refers to rc.o(.data) for fun_cnt
    flash_eeprom.o(.text) refers to stm32f4xx_flash.o(.text) for FLASH_ProgramWord
    flash_eeprom.o(.text) refers to balance.o(.bss) for PID_ROL
    flash_eeprom.o(.text) refers to mpu6050.o(.data) for GYRO_OFFSET
    data_transfer.o(.text) refers to sys_usart.o(.text) for Sys_sPrintf
    data_transfer.o(.text) refers to flash_eeprom.o(.text) for Data_Save
    data_transfer.o(.text) refers to data_transfer.o(.data) for KALMAN_Q
    data_transfer.o(.text) refers to balance.o(.bss) for PID_ROL
    data_transfer.o(.text) refers to data_transfer.o(.bss) for Ex_ON_OFF
    data_transfer.o(.text) refers to imu.o(.data) for AngleOffset_Rol
    data_transfer.o(.text) refers to imu.o(.bss) for Att_Angle
    data_transfer.o(.text) refers to main.o(.data) for Alt_ultrasonic
    data_transfer.o(.text) refers to task_bmp085.o(.data) for Alt_bmp
    data_transfer.o(.text) refers to rc.o(.data) for RC_Control
    data_transfer.o(.text) refers to rc.o(.bss) for Rc_D
    data_transfer.o(.text) refers to motor.o(.data) for MOTO1_PWM
    data_transfer.o(.text) refers to balance.o(.data) for Throttle_OUT
    data_transfer.o(.data) refers to balance.o(.bss) for PID_PID_2
    balance.o(.text) refers to f2d.o(x$fpl$f2d) for __aeabi_f2d
    balance.o(.text) refers to ddiv.o(x$fpl$ddiv) for __aeabi_ddiv
    balance.o(.text) refers to dmul.o(x$fpl$dmul) for __aeabi_dmul
    balance.o(.text) refers to tan.o(i.__hardfp_tan) for __hardfp_tan
    balance.o(.text) refers to daddsub_clz.o(x$fpl$dsub) for __aeabi_dsub
    balance.o(.text) refers to d2f.o(x$fpl$d2f) for __aeabi_d2f
    balance.o(.text) refers to daddsub_clz.o(x$fpl$dadd) for __aeabi_dadd
    balance.o(.text) refers to dflt_clz.o(x$fpl$dflt) for __aeabi_i2d
    balance.o(.text) refers to balance.o(.data) for att_in
    balance.o(.text) refers to main.o(.data) for flag_ALT
    balance.o(.text) refers to balance.o(.bss) for PID_ALT
    balance.o(.text) refers to px4flow.o(.data) for sum_x
[...]
    DMA2_Stream2_IRQHandler                  0x0800473f   Thumb Code     0  startup_stm32f4xx.o(.text)
    DMA2_Stream3_IRQHandler                  0x0800473f   Thumb Code     0  startup_stm32f4xx.o(.text)
    DMA2_Stream4_IRQHandler                  0x0800473f   Thumb Code     0  startup_stm32f4xx.o(.text)
    DMA2_Stream5_IRQHandler                  0x0800473f   Thumb Code     0  startup_stm32f4xx.o(.text)
    DMA2_Stream6_IRQHandler                  0x0800473f   Thumb Code     0  startup_stm32f4xx.o(.text)
    DMA2_Stream7_IRQHandler                  0x0800473f   Thumb Code     0  startup_stm32f4xx.o(.text)
    ETH_IRQHandler                           0x0800473f   Thumb Code     0  startup_stm32f4xx.o(.text)
    ETH_WKUP_IRQHandler                      0x0800473f   Thumb Code     0  startup_stm32f4xx.o(.text)
    EXTI0_IRQHandler                         0x0800473f   Thumb Code     0  startup_stm32f4xx.o(.text)
    EXTI15_10_IRQHandler                     0x0800473f   Thumb Code     0  startup_stm32f4xx.o(.text)
    EXTI1_IRQHandler                         0x0800473f   Thumb Code     0  startup_stm32f4xx.o(.text)
    EXTI2_IRQHandler                         0x0800473f   Thumb Code     0  startup_stm32f4xx.o(.text)
    EXTI3_IRQHandler                         0x0800473f   Thumb Code     0  startup_stm32f4xx.o(.text)
    EXTI4_IRQHandler                         0x0800473f   Thumb Code     0  startup_stm32f4xx.o(.text)
    EXTI9_5_IRQHandler                       0x0800473f   Thumb Code     0  startup_stm32f4xx.o(.text)
    FLASH_IRQHandler                         0x0800473f   Thumb Code     0  startup_stm32f4xx.o(.text)
    FPU_IRQHandler                           0x0800473f   Thumb Code     0  startup_stm32f4xx.o(.text)
    FSMC_IRQHandler                          0x0800473f   Thumb Code     0  startup_stm32f4xx.o(.text)
    HASH_RNG_IRQHandler                      0x0800473f   Thumb Code     0  startup_stm32f4xx.o(.text)
    I2C1_ER_IRQHandler                       0x0800473f   Thumb Code     0  startup_stm32f4xx.o(.text)
    I2C1_EV_IRQHandler                       0x0800473f   Thumb Code     0  startup_stm32f4xx.o(.text)
    I2C2_ER_IRQHandler                       0x0800473f   Thumb Code     0  startup_stm32f4xx.o(.text)
    I2C2_EV_IRQHandler                       0x0800473f   Thumb Code     0  startup_stm32f4xx.o(.text)
    I2C3_ER_IRQHandler                       0x0800473f   Thumb Code     0  startup_stm32f4xx.o(.text)
    I2C3_EV_IRQHandler                       0x0800473f   Thumb Code     0  startup_stm32f4xx.o(.text)
    OTG_FS_IRQHandler                        0x0800473f   Thumb Code     0  startup_stm32f4xx.o(.text)
    OTG_FS_WKUP_IRQHandler                   0x0800473f   Thumb Code     0  startup_stm32f4xx.o(.text)
    OTG_HS_EP1_IN_IRQHandler                 0x0800473f   Thumb Code     0  startup_stm32f4xx.o(.text)
    OTG_HS_EP1_OUT_IRQHandler                0x0800473f   Thumb Code     0  startup_stm32f4xx.o(.text)
    OTG_HS_IRQHandler                        0x0800473f   Thumb Code     0  startup_stm32f4xx.o(.text)
    OTG_HS_WKUP_IRQHandler                   0x0800473f   Thumb Code     0  startup_stm32f4xx.o(.text)
    PVD_IRQHandler                           0x0800473f   Thumb Code     0  startup_stm32f4xx.o(.text)
    RCC_IRQHandler                           0x0800473f   Thumb Code     0  startup_stm32f4xx.o(.text)
    RTC_Alarm_IRQHandler                     0x0800473f   Thumb Code     0  startup_stm32f4xx.o(.text)
    RTC_WKUP_IRQHandler                      0x0800473f   Thumb Code     0  startup_stm32f4xx.o(.text)
    SDIO_IRQHandler                          0x0800473f   Thumb Code     0  startup_stm32f4xx.o(.text)
    SPI1_IRQHandler                          0x0800473f   Thumb Code     0  startup_stm32f4xx.o(.text)
    SPI2_IRQHandler                          0x0800473f   Thumb Code     0  startup_stm32f4xx.o(.text)
    SPI3_IRQHandler                          0x0800473f   Thumb Code     0  startup_stm32f4xx.o(.text)
    TAMP_STAMP_IRQHandler                    0x0800473f   Thumb Code     0  startup_stm32f4xx.o(.text)
    TIM1_BRK_TIM9_IRQHandler                 0x0800473f   Thumb Code     0  startup_stm32f4xx.o(.text)
    TIM1_CC_IRQHandler                       0x0800473f   Thumb Code     0  startup_stm32f4xx.o(.text)
    TIM1_TRG_COM_TIM11_IRQHandler            0x0800473f   Thumb Code     0  startup_stm32f4xx.o(.text)
    TIM1_UP_TIM10_IRQHandler                 0x0800473f   Thumb Code     0  startup_stm32f4xx.o(.text)
    TIM6_DAC_IRQHandler                      0x0800473f   Thumb Code     0  startup_stm32f4xx.o(.text)
    TIM8_BRK_TIM12_IRQHandler                0x0800473f   Thumb Code     0  startup_stm32f4xx.o(.text)
    TIM8_TRG_COM_TIM14_IRQHandler            0x0800473f   Thumb Code     0  startup_stm32f4xx.o(.text)
    TIM8_UP_TIM13_IRQHandler                 0x0800473f   Thumb Code     0  startup_stm32f4xx.o(.text)
    UART4_IRQHandler                         0x0800473f   Thumb Code     0  startup_stm32f4xx.o(.text)
    UART5_IRQHandler                         0x0800473f   Thumb Code     0  startup_stm32f4xx.o(.text)
    USART1_IRQHandler                        0x0800473f   Thumb Code     0  startup_stm32f4xx.o(.text)
    USART2_IRQHandler                        0x0800473f   Thumb Code     0  startup_stm32f4xx.o(.text)
    USART6_IRQHandler                        0x0800473f   Thumb Code     0  startup_stm32f4xx.o(.text)
    WWDG_IRQHandler                          0x0800473f   Thumb Code     0  startup_stm32f4xx.o(.text)
    __user_initial_stackheap                 0x08004741   Thumb Code     0  startup_stm32f4xx.o(.text)
    NVIC_PriorityGroupConfig                 0x08004765   Thumb Code    10  misc.o(.text)
    NVIC_Init                                0x0800476f   Thumb Code   106  misc.o(.text)
    NVIC_SetVectorTable                      0x080047d9   Thumb Code    14  misc.o(.text)
    NVIC_SystemLPConfig                      0x080047e7   Thumb Code    34  misc.o(.text)
    SysTick_CLKSourceConfig                  0x08004809   Thumb Code    40  misc.o(.text)
    GPIO_DeInit                              0x08004845   Thumb Code   220  stm32f4xx_gpio.o(.text)
    GPIO_Init                                0x08004921   Thumb Code   144  stm32f4xx_gpio.o(.text)
    GPIO_StructInit                          0x080049b1   Thumb Code    18  stm32f4xx_gpio.o(.text)
    GPIO_PinLockConfig                       0x080049c3   Thumb Code    34  stm32f4xx_gpio.o(.text)
    GPIO_ReadInputDataBit                    0x080049e5   Thumb Code    18  stm32f4xx_gpio.o(.text)
    GPIO_ReadInputData                       0x080049f7   Thumb Code     8  stm32f4xx_gpio.o(.text)
    GPIO_ReadOutputDataBit                   0x080049ff   Thumb Code    18  stm32f4xx_gpio.o(.text)
    GPIO_ReadOutputData                      0x08004a11   Thumb Code     8  stm32f4xx_gpio.o(.text)
    GPIO_SetBits                             0x08004a19   Thumb Code     4  stm32f4xx_gpio.o(.text)
    GPIO_ResetBits                           0x08004a1d   Thumb Code     4  stm32f4xx_gpio.o(.text)
    GPIO_WriteBit                            0x08004a21   Thumb Code    10  stm32f4xx_gpio.o(.text)
    GPIO_Write                               0x08004a2b   Thumb Code     4  stm32f4xx_gpio.o(.text)
    GPIO_ToggleBits                          0x08004a2f   Thumb Code     8  stm32f4xx_gpio.o(.text)
    GPIO_PinAFConfig                         0x08004a37   Thumb Code    70  stm32f4xx_gpio.o(.text)
    RCC_DeInit                               0x08004aa1   Thumb Code    60  stm32f4xx_rcc.o(.text)
    RCC_HSEConfig                            0x08004add   Thumb Code    14  stm32f4xx_rcc.o(.text)
    RCC_GetFlagStatus                        0x08004aeb   Thumb Code    60  stm32f4xx_rcc.o(.text)
    RCC_WaitForHSEStartUp                    0x08004b27   Thumb Code    56  stm32f4xx_rcc.o(.text)
    RCC_AdjustHSICalibrationValue            0x08004b5f   Thumb Code    20  stm32f4xx_rcc.o(.text)
    RCC_HSICmd                               0x08004b73   Thumb Code     6  stm32f4xx_rcc.o(.text)
    RCC_LSEConfig                            0x08004b79   Thumb Code    46  stm32f4xx_rcc.o(.text)
    RCC_LSICmd                               0x08004ba7   Thumb Code     6  stm32f4xx_rcc.o(.text)
    RCC_PLLConfig                            0x08004bad   Thumb Code    32  stm32f4xx_rcc.o(.text)
    RCC_PLLCmd                               0x08004bcd   Thumb Code     6  stm32f4xx_rcc.o(.text)
    RCC_PLLI2SConfig                         0x08004bd3   Thumb Code    14  stm32f4xx_rcc.o(.text)
    RCC_PLLI2SCmd                            0x08004be1   Thumb Code     6  stm32f4xx_rcc.o(.text)
    RCC_ClockSecuritySystemCmd               0x08004be7   Thumb Code     6  stm32f4xx_rcc.o(.text)
    RCC_MCO1Config                           0x08004bed   Thumb Code    28  stm32f4xx_rcc.o(.text)
    RCC_MCO2Config                           0x08004c09   Thumb Code    28  stm32f4xx_rcc.o(.text)
    RCC_SYSCLKConfig                         0x08004c25   Thumb Code    20  stm32f4xx_rcc.o(.text)
    RCC_GetSYSCLKSource                      0x08004c39   Thumb Code    12  stm32f4xx_rcc.o(.text)
    RCC_HCLKConfig                           0x08004c45   Thumb Code    20  stm32f4xx_rcc.o(.text)
    RCC_PCLK1Config                          0x08004c59   Thumb Code    20  stm32f4xx_rcc.o(.text)
    RCC_PCLK2Config                          0x08004c6d   Thumb Code    22  stm32f4xx_rcc.o(.text)
    RCC_GetClocksFreq                        0x08004c83   Thumb Code   222  stm32f4xx_rcc.o(.text)
    RCC_RTCCLKConfig                         0x08004d61   Thumb Code    54  stm32f4xx_rcc.o(.text)
    RCC_RTCCLKCmd                            0x08004d97   Thumb Code     8  stm32f4xx_rcc.o(.text)
    RCC_BackupResetCmd                       0x08004d9f   Thumb Code     8  stm32f4xx_rcc.o(.text)
    RCC_I2SCLKConfig                         0x08004da7   Thumb Code     6  stm32f4xx_rcc.o(.text)
    RCC_AHB1PeriphClockCmd                   0x08004dad   Thumb Code    34  stm32f4xx_rcc.o(.text)
    RCC_AHB2PeriphClockCmd                   0x08004dcf   Thumb Code    34  stm32f4xx_rcc.o(.text)
    RCC_AHB3PeriphClockCmd                   0x08004df1   Thumb Code    34  stm32f4xx_rcc.o(.text)
    RCC_APB1PeriphClockCmd                   0x08004e13   Thumb Code    34  stm32f4xx_rcc.o(.text)
    RCC_APB2PeriphClockCmd                   0x08004e35   Thumb Code    34  stm32f4xx_rcc.o(.text)
    RCC_AHB1PeriphResetCmd                   0x08004e57   Thumb Code    34  stm32f4xx_rcc.o(.text)
    RCC_AHB2PeriphResetCmd                   0x08004e79   Thumb Code    72  stm32f4xx_rcc.o(.text)
    RCC_AHB3PeriphResetCmd                   0x08004ec1   Thumb Code    34  stm32f4xx_rcc.o(.text)
    RCC_APB1PeriphResetCmd                   0x08004ee3   Thumb Code    34  stm32f4xx_rcc.o(.text)
    RCC_APB2PeriphResetCmd                   0x08004f05   Thumb Code    34  stm32f4xx_rcc.o(.text)
    RCC_AHB1PeriphClockLPModeCmd             0x08004f27   Thumb Code    34  stm32f4xx_rcc.o(.text)
    RCC_AHB2PeriphClockLPModeCmd             0x08004f49   Thumb Code    34  stm32f4xx_rcc.o(.text)
    RCC_AHB3PeriphClockLPModeCmd             0x08004f6b   Thumb Code    34  stm32f4xx_rcc.o(.text)
    RCC_APB1PeriphClockLPModeCmd             0x08004f8d   Thumb Code    34  stm32f4xx_rcc.o(.text)
    RCC_APB2PeriphClockLPModeCmd             0x08004faf   Thumb Code    34  stm32f4xx_rcc.o(.text)
    RCC_ITConfig                             0x08004fd1   Thumb Code    34  stm32f4xx_rcc.o(.text)
    RCC_ClearFlag                            0x08004ff3   Thumb Code    18  stm32f4xx_rcc.o(.text)
    RCC_GetITStatus                          0x08005005   Thumb Code    22  stm32f4xx_rcc.o(.text)
    RCC_ClearITPendingBit                    0x0800501b   Thumb Code     8  stm32f4xx_rcc.o(.text)
    USART_DeInit                             0x08005029   Thumb Code   156  stm32f4xx_usart.o(.text)
    USART_Init                               0x080050c5   Thumb Code   204  stm32f4xx_usart.o(.text)
    USART_StructInit                         0x08005191   Thumb Code    24  stm32f4xx_usart.o(.text)
    USART_ClockInit                          0x080051a9   Thumb Code    32  stm32f4xx_usart.o(.text)
    USART_ClockStructInit                    0x080051c9   Thumb Code    12  stm32f4xx_usart.o(.text)
    USART_Cmd                                0x080051d5   Thumb Code    24  stm32f4xx_usart.o(.text)
    USART_SetPrescaler                       0x080051ed   Thumb Code    16  stm32f4xx_usart.o(.text)
    USART_OverSampling8Cmd                   0x080051fd   Thumb Code    22  stm32f4xx_usart.o(.text)
    USART_OneBitMethodCmd                    0x08005213   Thumb Code    24  stm32f4xx_usart.o(.text)
    USART_SendData                           0x0800522b   Thumb Code     8  stm32f4xx_usart.o(.text)
    USART_ReceiveData                        0x08005233   Thumb Code    10  stm32f4xx_usart.o(.text)
    USART_SetAddress                         0x0800523d   Thumb Code    18  stm32f4xx_usart.o(.text)
    USART_ReceiverWakeUpCmd                  0x0800524f   Thumb Code    24  stm32f4xx_usart.o(.text)
    USART_WakeUpConfig                       0x08005267   Thumb Code    18  stm32f4xx_usart.o(.text)
    USART_LINBreakDetectLengthConfig         0x08005279   Thumb Code    18  stm32f4xx_usart.o(.text)
    USART_LINCmd                             0x0800528b   Thumb Code    24  stm32f4xx_usart.o(.text)
    USART_SendBreak                          0x080052a3   Thumb Code    10  stm32f4xx_usart.o(.text)
    USART_HalfDuplexCmd                      0x080052ad   Thumb Code    24  stm32f4xx_usart.o(.text)
    USART_SetGuardTime                       0x080052c5   Thumb Code    16  stm32f4xx_usart.o(.text)
    USART_SmartCardCmd                       0x080052d5   Thumb Code    24  stm32f4xx_usart.o(.text)
    USART_SmartCardNACKCmd                   0x080052ed   Thumb Code    24  stm32f4xx_usart.o(.text)
    USART_IrDAConfig                         0x08005305   Thumb Code    18  stm32f4xx_usart.o(.text)
    USART_IrDACmd                            0x08005317   Thumb Code    24  stm32f4xx_usart.o(.text)
    USART_DMACmd                             0x0800532f   Thumb Code    18  stm32f4xx_usart.o(.text)
    USART_ITConfig                           0x08005341   Thumb Code    74  stm32f4xx_usart.o(.text)
    USART_GetFlagStatus                      0x0800538b   Thumb Code    26  stm32f4xx_usart.o(.text)
    USART_ClearFlag                          0x080053a5   Thumb Code    18  stm32f4xx_usart.o(.text)
    USART_GetITStatus                        0x080053b7   Thumb Code   110  stm32f4xx_usart.o(.text)
    USART_ClearITPendingBit                  0x08005425   Thumb Code    30  stm32f4xx_usart.o(.text)
    TIM_DeInit                               0x08005445   Thumb Code   346  stm32f4xx_tim.o(.text)
    TIM_TimeBaseInit                         0x0800559f   Thumb Code   104  stm32f4xx_tim.o(.text)
    TIM_TimeBaseStructInit                   0x08005607   Thumb Code    18  stm32f4xx_tim.o(.text)
    TIM_PrescalerConfig                      0x08005619   Thumb Code     6  stm32f4xx_tim.o(.text)
    TIM_CounterModeConfig                    0x0800561f   Thumb Code    18  stm32f4xx_tim.o(.text)
    TIM_SetCounter                           0x08005631   Thumb Code     4  stm32f4xx_tim.o(.text)
    TIM_SetAutoreload                        0x08005635   Thumb Code     4  stm32f4xx_tim.o(.text)
    TIM_GetCounter                           0x08005639   Thumb Code     6  stm32f4xx_tim.o(.text)
    TIM_GetPrescaler                         0x0800563f   Thumb Code     6  stm32f4xx_tim.o(.text)
    TIM_UpdateDisableConfig                  0x08005645   Thumb Code    24  stm32f4xx_tim.o(.text)
    TIM_UpdateRequestConfig                  0x0800565d   Thumb Code    24  stm32f4xx_tim.o(.text)
    TIM_ARRPreloadConfig                     0x08005675   Thumb Code    24  stm32f4xx_tim.o(.text)
    TIM_SelectOnePulseMode                   0x0800568d   Thumb Code    18  stm32f4xx_tim.o(.text)
    TIM_SetClockDivision                     0x0800569f   Thumb Code    18  stm32f4xx_tim.o(.text)
    TIM_Cmd                                  0x080056b1   Thumb Code    24  stm32f4xx_tim.o(.text)
    TIM_OC1Init                              0x080056c9   Thumb Code   114  stm32f4xx_tim.o(.text)
    TIM_OC2Init                              0x0800573b   Thumb Code   154  stm32f4xx_tim.o(.text)
    TIM_OC3Init                              0x080057d5   Thumb Code   204  stm32f4xx_tim.o(.text)
    TIM_OC4Init                              0x080058a1   Thumb Code   112  stm32f4xx_tim.o(.text)
    TIM_OCStructInit                         0x08005911   Thumb Code    20  stm32f4xx_tim.o(.text)
    TIM_SelectOCxM                           0x08005925   Thumb Code    86  stm32f4xx_tim.o(.text)
    TIM_SetCompare1                          0x0800597b   Thumb Code     4  stm32f4xx_tim.o(.text)
    TIM_SetCompare2                          0x0800597f   Thumb Code     4  stm32f4xx_tim.o(.text)
    TIM_SetCompare3                          0x08005983   Thumb Code     4  stm32f4xx_tim.o(.text)
    TIM_SetCompare4                          0x08005987   Thumb Code     4  stm32f4xx_tim.o(.text)
    TIM_ForcedOC1Config                      0x0800598b   Thumb Code    18  stm32f4xx_tim.o(.text)
    TIM_ForcedOC2Config                      0x0800599d   Thumb Code    26  stm32f4xx_tim.o(.text)
    TIM_ForcedOC3Config                      0x080059b7   Thumb Code    18  stm32f4xx_tim.o(.text)
    TIM_ForcedOC4Config                      0x080059c9   Thumb Code    26  stm32f4xx_tim.o(.text)
    TIM_OC1PreloadConfig                     0x080059e3   Thumb Code    18  stm32f4xx_tim.o(.text)
    TIM_OC2PreloadConfig                     0x080059f5   Thumb Code    26  stm32f4xx_tim.o(.text)
    TIM_OC3PreloadConfig                     0x08005a0f   Thumb Code    18  stm32f4xx_tim.o(.text)
    TIM_OC4PreloadConfig                     0x08005a21   Thumb Code    26  stm32f4xx_tim.o(.text)
    TIM_OC1FastConfig                        0x08005a3b   Thumb Code    18  stm32f4xx_tim.o(.text)
    TIM_OC2FastConfig                        0x08005a4d   Thumb Code    26  stm32f4xx_tim.o(.text)
    TIM_OC3FastConfig                        0x08005a67   Thumb Code    18  stm32f4xx_tim.o(.text)
    TIM_OC4FastConfig                        0x08005a79   Thumb Code    26  stm32f4xx_tim.o(.text)
    TIM_ClearOC1Ref                          0x08005a93   Thumb Code    18  stm32f4xx_tim.o(.text)
    TIM_ClearOC2Ref                          0x08005aa5   Thumb Code    24  stm32f4xx_tim.o(.text)
    TIM_ClearOC3Ref                          0x08005abd   Thumb Code    18  stm32f4xx_tim.o(.text)
    TIM_ClearOC4Ref                          0x08005acf   Thumb Code    24  stm32f4xx_tim.o(.text)
    TIM_OC1PolarityConfig                    0x08005ae7   Thumb Code    18  stm32f4xx_tim.o(.text)
    TIM_OC1NPolarityConfig                   0x08005af9   Thumb Code    18  stm32f4xx_tim.o(.text)
    TIM_OC2PolarityConfig                    0x08005b0b   Thumb Code    26  stm32f4xx_tim.o(.text)
    TIM_OC2NPolarityConfig                   0x08005b25   Thumb Code    26  stm32f4xx_tim.o(.text)
    TIM_OC3PolarityConfig                    0x08005b3f   Thumb Code    26  stm32f4xx_tim.o(.text)
    TIM_OC3NPolarityConfig                   0x08005b59   Thumb Code    26  stm32f4xx_tim.o(.text)
    TIM_OC4PolarityConfig                    0x08005b73   Thumb Code    26  stm32f4xx_tim.o(.text)
    TIM_CCxCmd                               0x08005b8d   Thumb Code    30  stm32f4xx_tim.o(.text)
    TIM_CCxNCmd                              0x08005bab   Thumb Code    30  stm32f4xx_tim.o(.text)
    TIM_SetIC4Prescaler                      0x08005bc9   Thumb Code    26  stm32f4xx_tim.o(.text)
    TIM_SetIC3Prescaler                      0x08005c33   Thumb Code    18  stm32f4xx_tim.o(.text)
    TIM_SetIC2Prescaler                      0x08005c8d   Thumb Code    26  stm32f4xx_tim.o(.text)
    TIM_SetIC1Prescaler                      0x08005d01   Thumb Code    18  stm32f4xx_tim.o(.text)
    TIM_ICInit                               0x08005d4d   Thumb Code   110  stm32f4xx_tim.o(.text)
    TIM_ICStructInit                         0x08005dbb   Thumb Code    18  stm32f4xx_tim.o(.text)
    TIM_PWMIConfig                           0x08005dcd   Thumb Code   124  stm32f4xx_tim.o(.text)
    TIM_GetCapture1                          0x08005e49   Thumb Code     6  stm32f4xx_tim.o(.text)
    TIM_GetCapture2                          0x08005e4f   Thumb Code     6  stm32f4xx_tim.o(.text)
    TIM_GetCapture3                          0x08005e55   Thumb Code     6  stm32f4xx_tim.o(.text)
    TIM_GetCapture4                          0x08005e5b   Thumb Code     6  stm32f4xx_tim.o(.text)
    TIM_BDTRConfig                           0x08005e61   Thumb Code    32  stm32f4xx_tim.o(.text)
    TIM_BDTRStructInit                       0x08005e81   Thumb Code    18  stm32f4xx_tim.o(.text)
    TIM_CtrlPWMOutputs                       0x08005e93   Thumb Code    30  stm32f4xx_tim.o(.text)
    TIM_SelectCOM                            0x08005eb1   Thumb Code    24  stm32f4xx_tim.o(.text)
    TIM_CCPreloadControl                     0x08005ec9   Thumb Code    24  stm32f4xx_tim.o(.text)
    TIM_ITConfig                             0x08005ee1   Thumb Code    18  stm32f4xx_tim.o(.text)
    TIM_GenerateEvent                        0x08005ef3   Thumb Code     4  stm32f4xx_tim.o(.text)
    TIM_GetFlagStatus                        0x08005ef7   Thumb Code    18  stm32f4xx_tim.o(.text)
    TIM_ClearFlag                            0x08005f09   Thumb Code     6  stm32f4xx_tim.o(.text)
    TIM_GetITStatus                          0x08005f0f   Thumb Code    34  stm32f4xx_tim.o(.text)
    TIM_ClearITPendingBit                    0x08005f31   Thumb Code     6  stm32f4xx_tim.o(.text)
    TIM_DMAConfig                            0x08005f37   Thumb Code    10  stm32f4xx_tim.o(.text)
    TIM_DMACmd                               0x08005f41   Thumb Code    18  stm32f4xx_tim.o(.text)
    TIM_SelectCCDMA                          0x08005f53   Thumb Code    24  stm32f4xx_tim.o(.text)
    TIM_InternalClockConfig                  0x08005f6b   Thumb Code    12  stm32f4xx_tim.o(.text)
    TIM_SelectInputTrigger                   0x08005f77   Thumb Code    18  stm32f4xx_tim.o(.text)
    TIM_ITRxExternalClockConfig              0x08005f89   Thumb Code    24  stm32f4xx_tim.o(.text)
    TIM_TIxExternalClockConfig               0x08005fa1   Thumb Code    62  stm32f4xx_tim.o(.text)
    TIM_ETRConfig                            0x08005fdf   Thumb Code    28  stm32f4xx_tim.o(.text)
    TIM_ETRClockMode1Config                  0x08005ffb   Thumb Code    54  stm32f4xx_tim.o(.text)
    TIM_ETRClockMode2Config                  0x08006031   Thumb Code    32  stm32f4xx_tim.o(.text)
    TIM_SelectOutputTrigger                  0x08006051   Thumb Code    18  stm32f4xx_tim.o(.text)
    TIM_SelectSlaveMode                      0x08006063   Thumb Code    18  stm32f4xx_tim.o(.text)
    TIM_SelectMasterSlaveMode                0x08006075   Thumb Code    18  stm32f4xx_tim.o(.text)
    TIM_EncoderInterfaceConfig               0x08006087   Thumb Code    66  stm32f4xx_tim.o(.text)
    TIM_SelectHallSensor                     0x080060c9   Thumb Code    24  stm32f4xx_tim.o(.text)
    TIM_RemapConfig                          0x080060e1   Thumb Code     6  stm32f4xx_tim.o(.text)
    FLASH_SetLatency                         0x080060e9   Thumb Code     6  stm32f4xx_flash.o(.text)
    FLASH_PrefetchBufferCmd                  0x080060ef   Thumb Code    30  stm32f4xx_flash.o(.text)
    FLASH_InstructionCacheCmd                0x0800610d   Thumb Code    30  stm32f4xx_flash.o(.text)
    FLASH_DataCacheCmd                       0x0800612b   Thumb Code    30  stm32f4xx_flash.o(.text)
    FLASH_InstructionCacheReset              0x08006149   Thumb Code    14  stm32f4xx_flash.o(.text)
    FLASH_DataCacheReset                     0x08006157   Thumb Code    14  stm32f4xx_flash.o(.text)
    FLASH_Unlock                             0x08006165   Thumb Code    26  stm32f4xx_flash.o(.text)
    FLASH_Lock                               0x0800617f   Thumb Code    18  stm32f4xx_flash.o(.text)
    FLASH_GetStatus                          0x08006191   Thumb Code    74  stm32f4xx_flash.o(.text)
    FLASH_WaitForLastOperation               0x080061db   Thumb Code    34  stm32f4xx_flash.o(.text)
    FLASH_EraseSector                        0x080061fd   Thumb Code   140  stm32f4xx_flash.o(.text)
    FLASH_EraseAllSectors                    0x08006289   Thumb Code   112  stm32f4xx_flash.o(.text)
    FLASH_ProgramDoubleWord                  0x080062f9   Thumb Code    86  stm32f4xx_flash.o(.text)
    FLASH_ProgramWord                        0x0800634f   Thumb Code    82  stm32f4xx_flash.o(.text)
    FLASH_ProgramHalfWord                    0x080063a1   Thumb Code    82  stm32f4xx_flash.o(.text)
    FLASH_ProgramByte                        0x080063f3   Thumb Code    78  stm32f4xx_flash.o(.text)
    FLASH_OB_Unlock                          0x08006441   Thumb Code    26  stm32f4xx_flash.o(.text)
    FLASH_OB_Lock                            0x0800645b   Thumb Code    18  stm32f4xx_flash.o(.text)
    FLASH_OB_WRPConfig                       0x0800646d   Thumb Code    54  stm32f4xx_flash.o(.text)
    FLASH_OB_RDPConfig                       0x080064a3   Thumb Code    24  stm32f4xx_flash.o(.text)
    FLASH_OB_UserConfig                      0x080064bb   Thumb Code    68  stm32f4xx_flash.o(.text)
    FLASH_OB_BORConfig                       0x080064ff   Thumb Code    22  stm32f4xx_flash.o(.text)
    FLASH_OB_Launch                          0x08006515   Thumb Code    26  stm32f4xx_flash.o(.text)
    FLASH_OB_GetUser                         0x0800652f   Thumb Code    10  stm32f4xx_flash.o(.text)
    FLASH_OB_GetWRP                          0x08006539   Thumb Code     8  stm32f4xx_flash.o(.text)
    FLASH_OB_GetRDP                          0x08006541   Thumb Code    20  stm32f4xx_flash.o(.text)
    FLASH_OB_GetBOR                          0x08006555   Thumb Code    10  stm32f4xx_flash.o(.text)
    FLASH_ITConfig                           0x0800655f   Thumb Code    34  stm32f4xx_flash.o(.text)
    FLASH_GetFlagStatus                      0x08006581   Thumb Code    22  stm32f4xx_flash.o(.text)
    FLASH_ClearFlag                          0x08006597   Thumb Code     8  stm32f4xx_flash.o(.text)
    SystemInit                               0x08006681   Thumb Code    88  system_stm32f4xx.o(.text)
    SystemCoreClockUpdate                    0x080066d9   Thumb Code   174  system_stm32f4xx.o(.text)
    MPU6050_Dataanl                          0x080067b5   Thumb Code   500  mpu6050.o(.text)
    MPU6050_CalOff_Acc                       0x080069a9   Thumb Code     8  mpu6050.o(.text)
    MPU6050_CalOff_Gyr                       0x080069b1   Thumb Code     8  mpu6050.o(.text)
    MPU6050_Read                             0x080069b9   Thumb Code    16  mpu6050.o(.text)
    IICwriteBit                              0x080069c9   Thumb Code    66  mpu6050.o(.text)
    IICwriteBits                             0x08006a0b   Thumb Code   102  mpu6050.o(.text)
    MPU6050_setClockSource                   0x08006a71   Thumb Code    20  mpu6050.o(.text)
    MPU6050_setFullScaleGyroRange            0x08006a85   Thumb Code    20  mpu6050.o(.text)
    MPU6050_setFullScaleAccelRange           0x08006a99   Thumb Code    20  mpu6050.o(.text)
    MPU6050_setSleepEnabled                  0x08006aad   Thumb Code    18  mpu6050.o(.text)
    MPU6050_setI2CMasterModeEnabled          0x08006abf   Thumb Code    18  mpu6050.o(.text)
    MPU6050_setI2CBypassEnabled              0x08006ad1   Thumb Code    18  mpu6050.o(.text)
    MPU6050_setDLPF                          0x08006ae3   Thumb Code    20  mpu6050.o(.text)
    MPU6050_Init                             0x08006af7   Thumb Code    92  mpu6050.o(.text)
    ByteToFloat                              0x08006b91   Thumb Code     6  px4flow.o(.text)
    PX4FLOW_Dataanl                          0x08006b97   Thumb Code   524  px4flow.o(.text)
    PX4FLOW_Read                             0x08006da3   Thumb Code    16  px4flow.o(.text)
    WriteDat                                 0x08006de5   Thumb Code    12  oled.o(.text)
    Oled_Init                                0x08006df1   Thumb Code   172  oled.o(.text)
    OLED_Fill                                0x08006e9d   Thumb Code    58  oled.o(.text)
    OLED_SetPos                              0x08006ed7   Thumb Code    40  oled.o(.text)
    OLED_CLS                                 0x08006eff   Thumb Code    10  oled.o(.text)
    OLED_ON                                  0x08006f09   Thumb Code    22  oled.o(.text)
    OLED_OFF                                 0x08006f1f   Thumb Code    22  oled.o(.text)
    OLED_ShowStr                             0x08006f35   Thumb Code   228  oled.o(.text)
    OLED_ShowCN                              0x08007019   Thumb Code    80  oled.o(.text)
    OLED_DrawBMP                             0x08007069   Thumb Code   116  oled.o(.text)
    NVIC_Configuration                       0x080070e9   Thumb Code    12  sys.o(.text)
    Sys_sPrintf                              0x080070f5   Thumb Code   200  sys_usart.o(.text)
    Sys_Printf                               0x080071bd   Thumb Code    50  sys_usart.o(.text)
    SYS_UART_IQR                             0x080071ef   Thumb Code   336  sys_usart.o(.text)
    Sys_Putchar                              0x0800733f   Thumb Code    72  sys_usart.o(.text)
    delay_init                               0x080073b1   Thumb Code    76  minos_delay.o(.text)
    delay_us                                 0x080073fd   Thumb Code    70  minos_delay.o(.text)
    delay_ms                                 0x08007443   Thumb Code    24  minos_delay.o(.text)
    SysTick_Clock                            0x0800745b   Thumb Code    46  minos_delay.o(.text)
    ATK_Usart3_IQR                           0x08007499   Thumb Code   118  usart.o(.text)
    uart3_init                               0x0800750f   Thumb Code   204  usart.o(.text)
    TIM2_PWM_Init                            0x080075ed   Thumb Code   200  pwm.o(.text)
    TIM8_PWM_Init                            0x080076b5   Thumb Code   172  pwm.o(.text)
    TIM3_Cap_Init                            0x08007775   Thumb Code   298  g32_timer_cap.o(.text)
    TIM3_Cap_IRQ                             0x0800789f   Thumb Code   412  g32_timer_cap.o(.text)
    TIM4_Cap_Init                            0x08007a3b   Thumb Code   232  g32_timer_cap.o(.text)
    TIM4_Cap_IRQ                             0x08007b23   Thumb Code   274  g32_timer_cap.o(.text)
    Soft_I2c1_Init                           0x08007c41   Thumb Code    60  g32_i2c.o(.text)
    Soft_I2c1_Write                          0x08007ed9   Thumb Code    76  g32_i2c.o(.text)
    WriteCmd                                 0x08007f25   Thumb Code    16  g32_i2c.o(.text)
    I2C_WriteByte                            0x08007f35   Thumb Code    16  g32_i2c.o(.text)
    Soft_I2c1_WriteBuffer                    0x08007f45   Thumb Code    94  g32_i2c.o(.text)
    Soft_I2c1_Read                           0x08007fa3   Thumb Code    80  g32_i2c.o(.text)
    Soft_I2c1_ReadBuffer                     0x08007ff3   Thumb Code   132  g32_i2c.o(.text)
    i2cwrite                                 0x08008077   Thumb Code   108  g32_i2c.o(.text)
    i2cread                                  0x080080e3   Thumb Code   144  g32_i2c.o(.text)
    vsprintf                                 0x08008175   Thumb Code    32  vsprintf.o(.text)
    __use_two_region_memory                  0x08008199   Thumb Code     2  heapauxi.o(.text)
    __rt_heap_escrow$2region                 0x0800819b   Thumb Code     2  heapauxi.o(.text)
    __rt_heap_expand$2region                 0x0800819d   Thumb Code     2  heapauxi.o(.text)
    __read_errno                             0x0800819f   Thumb Code    10  _rserrno.o(.text)
    __set_errno                              0x080081a9   Thumb Code    12  _rserrno.o(.text)
    _printf_pre_padding                      0x080081b5   Thumb Code    44  _printf_pad.o(.text)
    _printf_post_padding                     0x080081e1   Thumb Code    34  _printf_pad.o(.text)
    _printf_truncate_signed                  0x08008203   Thumb Code    18  _printf_truncate.o(.text)
    _printf_truncate_unsigned                0x08008215   Thumb Code    18  _printf_truncate.o(.text)
    _printf_str                              0x08008227   Thumb Code    82  _printf_str.o(.text)
    _printf_int_dec                          0x08008279   Thumb Code   100  _printf_dec.o(.text)
    _printf_charcount                        0x080082ed   Thumb Code    40  _printf_charcount.o(.text)
    _printf_char_common                      0x0800831f   Thumb Code    32  _printf_char_common.o(.text)
    _sputc                                   0x08008345   Thumb Code    10  _sputc.o(.text)
    _printf_wctomb                           0x08008351   Thumb Code   182  _printf_wctomb.o(.text)
    _printf_longlong_dec                     0x0800840d   Thumb Code   104  _printf_longlong_dec.o(.text)
    _printf_longlong_oct                     0x08008485   Thumb Code    68  _printf_oct_int_ll.o(.text)
    _printf_int_oct                          0x080084c9   Thumb Code    24  _printf_oct_int_ll.o(.text)
    _printf_ll_oct                           0x080084e1   Thumb Code    12  _printf_oct_int_ll.o(.text)
    _printf_longlong_hex                     0x080084f5   Thumb Code    86  _printf_hex_int_ll_ptr.o(.text)
    _printf_int_hex                          0x0800854b   Thumb Code    28  _printf_hex_int_ll_ptr.o(.text)
    _printf_ll_hex                           0x08008567   Thumb Code    12  _printf_hex_int_ll_ptr.o(.text)
    _printf_hex_ptr                          0x08008573   Thumb Code    18  _printf_hex_int_ll_ptr.o(.text)
    __printf                                 0x08008589   Thumb Code   388  __printf_flags_ss_wp.o(.text)
    __aeabi_errno_addr                       0x08008711   Thumb Code     8  rt_errno_addr_intlibspace.o(.text)
    __errno$intlibspace                      0x08008711   Thumb Code     0  rt_errno_addr_intlibspace.o(.text)
    __rt_errno_addr$intlibspace              0x08008711   Thumb Code     0  rt_errno_addr_intlibspace.o(.text)
    _ll_udiv10                               0x08008719   Thumb Code   138  lludiv10.o(.text)
    _printf_int_common                       0x080087a3   Thumb Code   178  _printf_intcommon.o(.text)
    __lib_sel_fp_printf                      0x08008855   Thumb Code     2  _printf_fp_dec.o(.text)
    _printf_fp_dec_real                      0x08008a03   Thumb Code   616  _printf_fp_dec.o(.text)
    _printf_fp_hex_real                      0x08008c6d   Thumb Code   750  _printf_fp_hex.o(.text)
    _printf_cs_common                        0x08008f65   Thumb Code    20  _printf_char.o(.text)
    _printf_char                             0x08008f79   Thumb Code    16  _printf_char.o(.text)
    _printf_string                           0x08008f89   Thumb Code     8  _printf_char.o(.text)
    _printf_lcs_common                       0x08008f91   Thumb Code    20  _printf_wchar.o(.text)
    _printf_wchar                            0x08008fa5   Thumb Code    16  _printf_wchar.o(.text)
    _printf_wstring                          0x08008fb5   Thumb Code     8  _printf_wchar.o(.text)
    _wcrtomb                                 0x08008fbd   Thumb Code    64  _wcrtomb.o(.text)
    __user_libspace                          0x08008ffd   Thumb Code     8  libspace.o(.text)
    __user_perproc_libspace                  0x08008ffd   Thumb Code     0  libspace.o(.text)
    __user_perthread_libspace                0x08008ffd   Thumb Code     0  libspace.o(.text)
    __user_setup_stackheap                   0x08009005   Thumb Code    74  sys_stackheap_outer.o(.text)
    __rt_ctype_table                         0x08009051   Thumb Code    16  rt_ctype_table.o(.text)
    __rt_locale                              0x08009061   Thumb Code     8  rt_locale_intlibspace.o(.text)
    _printf_fp_infnan                        0x08009069   Thumb Code   112  _printf_fp_infnan.o(.text)
    _btod_etento                             0x080090e9   Thumb Code   212  bigflt0.o(.text)
    exit                                     0x080091c1   Thumb Code    12  exit.o(.text)
    strcmp                                   0x080091cd   Thumb Code   128  strcmpv7m.o(.text)
    _sys_exit                                0x0800924d   Thumb Code     8  sys_exit.o(.text)
    __I$use$semihosting                      0x08009259   Thumb Code     0  use_no_semi.o(.text)
    __use_no_semihosting_swi                 0x08009259   Thumb Code     2  use_no_semi.o(.text)
    __semihosting_library_function           0x0800925b   Thumb Code     0  indicate_semi.o(.text)
    _btod_d2e                                0x0800925b   Thumb Code    62  btod.o(CL$$btod_d2e)
    _d2e_denorm_low                          0x08009299   Thumb Code    70  btod.o(CL$$btod_d2e_denorm_low)
    _d2e_norm_op1                            0x080092df   Thumb Code    96  btod.o(CL$$btod_d2e_norm_op1)
    __btod_div_common                        0x0800933f   Thumb Code   696  btod.o(CL$$btod_div_common)
    _e2e                                     0x08009677   Thumb Code   198  btod.o(CL$$btod_e2e)
    _btod_ediv                               0x0800973d   Thumb Code    40  btod.o(CL$$btod_ediv)
    _btod_emul                               0x08009765   Thumb Code    40  btod.o(CL$$btod_emul)
    __btod_mult_common                       0x0800978d   Thumb Code   580  btod.o(CL$$btod_mult_common)
    __ARM_fpclassify                         0x080099d1   Thumb Code    48  fpclassify.o(i.__ARM_fpclassify)
    __hardfp_asin                            0x08009a01   Thumb Code   770  asin.o(i.__hardfp_asin)
    __hardfp_atan                            0x08009d71   Thumb Code   632  atan.o(i.__hardfp_atan)
    __hardfp_atan2                           0x0800a051   Thumb Code   426  atan2.o(i.__hardfp_atan2)
    __hardfp_sqrt                            0x0800a241   Thumb Code   122  sqrt.o(i.__hardfp_sqrt)
    __hardfp_tan                             0x0800a2c1   Thumb Code   142  tan.o(i.__hardfp_tan)
    __ieee754_rem_pio2                       0x0800a361   Thumb Code   938  rred.o(i.__ieee754_rem_pio2)
    __kernel_poly                            0x0800a799   Thumb Code   248  poly.o(i.__kernel_poly)
    __kernel_tan                             0x0800a891   Thumb Code   764  tan_i.o(i.__kernel_tan)
    __mathlib_dbl_underflow                  0x0800abe1   Thumb Code    24  dunder.o(i.__mathlib_dbl_underflow)
    _is_digit                                0x0800ac01   Thumb Code    14  __printf_wp.o(i._is_digit)
    atan                                     0x0800ac0f   Thumb Code    16  atan.o(i.atan)
    fabs                                     0x0800ac1f   Thumb Code    24  fabs.o(i.fabs)
    sqrt                                     0x0800ac37   Thumb Code   110  sqrt.o(i.sqrt)
    _get_lc_numeric                          0x0800aca5   Thumb Code    44  lc_numeric_c.o(locale$$code)
    _get_lc_ctype                            0x0800acd1   Thumb Code    44  lc_ctype_c.o(locale$$code)
    __aeabi_dneg                             0x0800acfd   Thumb Code     0  basic.o(x$fpl$basic)
    _dneg                                    0x0800acfd   Thumb Code     6  basic.o(x$fpl$basic)
    __aeabi_fneg                             0x0800ad03   Thumb Code     0  basic.o(x$fpl$basic)
    _fneg                                    0x0800ad03   Thumb Code     6  basic.o(x$fpl$basic)
    _dabs                                    0x0800ad09   Thumb Code     6  basic.o(x$fpl$basic)
    _fabs                                    0x0800ad0f   Thumb Code     6  basic.o(x$fpl$basic)
    __aeabi_d2f                              0x0800ad15   Thumb Code     0  d2f.o(x$fpl$d2f)
    _d2f                                     0x0800ad15   Thumb Code    98  d2f.o(x$fpl$d2f)
    __aeabi_dadd                             0x0800ad79   Thumb Code     0  daddsub_clz.o(x$fpl$dadd)
    _dadd                                    0x0800ad79   Thumb Code   332  daddsub_clz.o(x$fpl$dadd)
    __aeabi_ddiv                             0x0800aec9   Thumb Code     0  ddiv.o(x$fpl$ddiv)
    _ddiv                                    0x0800aec9   Thumb Code   552  ddiv.o(x$fpl$ddiv)
    __aeabi_d2iz                             0x0800b179   Thumb Code     0  dfix.o(x$fpl$dfix)
    _dfix                                    0x0800b179   Thumb Code    94  dfix.o(x$fpl$dfix)
    __aeabi_i2d                              0x0800b1d7   Thumb Code     0  dflt_clz.o(x$fpl$dflt)
    _dflt                                    0x0800b1d7   Thumb Code    46  dflt_clz.o(x$fpl$dflt)
    __aeabi_ui2d                             0x0800b205   Thumb Code     0  dflt_clz.o(x$fpl$dfltu)
    _dfltu                                   0x0800b205   Thumb Code    38  dflt_clz.o(x$fpl$dfltu)
    __aeabi_dmul                             0x0800b22d   Thumb Code     0  dmul.o(x$fpl$dmul)
    _dmul                                    0x0800b22d   Thumb Code   332  dmul.o(x$fpl$dmul)
    __fpl_dnaninf                            0x0800b381   Thumb Code   156  dnaninf.o(x$fpl$dnaninf)
    __fpl_dretinf                            0x0800b41d   Thumb Code    12  dretinf.o(x$fpl$dretinf)
    __aeabi_drsub                            0x0800b429   Thumb Code     0  daddsub_clz.o(x$fpl$drsb)
    _drsb                                    0x0800b429   Thumb Code    22  daddsub_clz.o(x$fpl$drsb)
    _dsqrt                                   0x0800b441   Thumb Code   404  dsqrt_umaal.o(x$fpl$dsqrt)
    __aeabi_dsub                             0x0800b5d9   Thumb Code     0  daddsub_clz.o(x$fpl$dsub)
    _dsub                                    0x0800b5d9   Thumb Code   464  daddsub_clz.o(x$fpl$dsub)
    __aeabi_f2d                              0x0800b7ad   Thumb Code     0  f2d.o(x$fpl$f2d)
    _f2d                                     0x0800b7ad   Thumb Code    86  f2d.o(x$fpl$f2d)
    __fpl_fnaninf                            0x0800b803   Thumb Code   140  fnaninf.o(x$fpl$fnaninf)
    _fp_init                                 0x0800b88f   Thumb Code    10  fpinit.o(x$fpl$fpinit)
    __fplib_config_fpu_vfp                   0x0800b897   Thumb Code     0  fpinit.o(x$fpl$fpinit)
    __fplib_config_pureend_doubles           0x0800b897   Thumb Code     0  fpinit.o(x$fpl$fpinit)
    __fpl_fretinf                            0x0800b899   Thumb Code    10  fretinf.o(x$fpl$fretinf)
    _printf_fp_dec                           0x0800b8a3   Thumb Code     4  printf1.o(x$fpl$printf1)
    _printf_fp_hex                           0x0800b8a7   Thumb Code     4  printf2.o(x$fpl$printf2)
    F6x8                                     0x0800b8aa   Data         552  oled.o(.constdata)
    __I$use$fp                               0x0800b8aa   Number         0  usenofp.o(x$fpl$usenofp)
    F8X16                                    0x0800bad2   Data        1520  oled.o(.constdata)
    __mathlib_zero                           0x0800c1f8   Data           8  qnan.o(.constdata)
    Region$$Table$$Base                      0x0800c3e4   Number         0  anon$$obj.o(Region$$Table)
    Region$$Table$$Limit                     0x0800c404   Number         0  anon$$obj.o(Region$$Table)
    __ctype                                  0x0800c42d   Data           0  lc_ctype_c.o(locale$$data)
    flag_ACC                                 0x20000000   Data           4  main.o(.data)
    Alt_ultrasonic                           0x20000004   Data           2  main.o(.data)
    Ultrasonic                               0x20000006   Data           2  main.o(.data)
    Alt_ultrasonic1t                         0x20000008   Data           2  main.o(.data)
    Alt_ultrasonic2t                         0x2000000a   Data           2  main.o(.data)
    Alt_temp                                 0x2000000c   Data           2  main.o(.data)
    flag_ALT                                 0x2000000e   Data           1  main.o(.data)
    TIM1_IRQ                                 0x2000001c   Data           4  stm32f4xx_it.o(.data)
    TIM2_IRQ                                 0x20000020   Data           4  stm32f4xx_it.o(.data)
    TIM3_IRQ                                 0x20000024   Data           4  stm32f4xx_it.o(.data)
    TIM4_IRQ                                 0x20000028   Data           4  stm32f4xx_it.o(.data)
    TIM5_IRQ                                 0x2000002c   Data           4  stm32f4xx_it.o(.data)
    TIM6_IRQ                                 0x20000030   Data           4  stm32f4xx_it.o(.data)
    TIM7_IRQ                                 0x20000034   Data           4  stm32f4xx_it.o(.data)
    TIM1_BRK_IRQ                             0x20000038   Data           4  stm32f4xx_it.o(.data)
    TIM1_UP_IRQ                              0x2000003c   Data           4  stm32f4xx_it.o(.data)
    TIM1_TRG_COM_IRQ                         0x20000040   Data           4  stm32f4xx_it.o(.data)
    TIM1_CC_IRQ                              0x20000044   Data           4  stm32f4xx_it.o(.data)
    SysTick_Time                             0x20000048   Data           4  stm32f4xx_it.o(.data)
    ACC_AVG                                  0x2000004c   Data           6  imu.o(.data)
    q0                                       0x20000054   Data           4  imu.o(.data)
    q1                                       0x20000058   Data           4  imu.o(.data)
    q2                                       0x2000005c   Data           4  imu.o(.data)
    q3                                       0x20000060   Data           4  imu.o(.data)
    exInt                                    0x20000064   Data           4  imu.o(.data)
    eyInt                                    0x20000068   Data           4  imu.o(.data)
    ezInt                                    0x2000006c   Data           4  imu.o(.data)
    compass_yaw                              0x20000070   Data           4  imu.o(.data)
    AngleOffset_Rol                          0x20000074   Data           4  imu.o(.data)
    AngleOffset_Pit                          0x20000078   Data           4  imu.o(.data)
    RC_Control                               0x200000a4   Data           3  rc.o(.data)
    ex_on_off                                0x200000b0   Data           4  data_transfer.o(.data)
    KALMAN_Q                                 0x200000b4   Data           4  data_transfer.o(.data)
    KALMAN_R                                 0x200000b8   Data           4  data_transfer.o(.data)
    KALMAN_P0                                0x200000bc   Data           4  data_transfer.o(.data)
    yaw_just                                 0x200000c0   Data           4  data_transfer.o(.data)
    rol_just                                 0x200000c4   Data           4  data_transfer.o(.data)
    pit_just                                 0x200000c8   Data           4  data_transfer.o(.data)
    Acc                                      0x200000cc   Data           6  data_transfer.o(.data)
    Average_Acc                              0x200000d2   Data           6  data_transfer.o(.data)
    Average2_Acc                             0x200000d8   Data           6  data_transfer.o(.data)
    Average3_Acc                             0x200000de   Data           6  data_transfer.o(.data)
    Average1_Gyr                             0x200000e4   Data           6  data_transfer.o(.data)
    Average2_Gyr                             0x200000ea   Data           6  data_transfer.o(.data)
    Gyr                                      0x200000f0   Data           6  data_transfer.o(.data)
    Mag                                      0x200000f6   Data           6  data_transfer.o(.data)
    rollt                                    0x200000fc   Data           6  data_transfer.o(.data)
    IN_ROP                                   0x2000012c   Data           4  balance.o(.data)
    IN_POP                                   0x20000130   Data           4  balance.o(.data)
    IN_YOP                                   0x20000134   Data           4  balance.o(.data)
    IN_ROI                                   0x20000138   Data           4  balance.o(.data)
    IN_POI                                   0x2000013c   Data           4  balance.o(.data)
    IN_YOI                                   0x20000140   Data           4  balance.o(.data)
    IN_ROD                                   0x20000144   Data           4  balance.o(.data)
    IN_POD                                   0x20000148   Data           4  balance.o(.data)
    IN_YOD                                   0x2000014c   Data           4  balance.o(.data)
    Last_Angle_gx                            0x20000150   Data           4  balance.o(.data)
    LAST_Angle_gy                            0x20000154   Data           4  balance.o(.data)
    LAST_Angle_gz                            0x20000158   Data           4  balance.o(.data)
    Out_PID_X                                0x2000015c   Data           4  balance.o(.data)
    Out_PID_Y                                0x20000160   Data           4  balance.o(.data)
    Out_PID_Z                                0x20000164   Data           4  balance.o(.data)
    Angle_gy                                 0x20000168   Data           4  balance.o(.data)
    Angle_gx                                 0x2000016c   Data           4  balance.o(.data)
    Angle_gz                                 0x20000170   Data           4  balance.o(.data)
    Last_balance_x                           0x20000174   Data           4  balance.o(.data)
    Last_balance_y                           0x20000178   Data           4  balance.o(.data)
    Last_v_x                                 0x2000017c   Data           4  balance.o(.data)
    Last_v_y                                 0x20000180   Data           4  balance.o(.data)
    Throttle_OUT                             0x20000184   Data           4  balance.o(.data)
    Throttle_IN                              0x20000188   Data           4  balance.o(.data)
    PID_ALT_OUT_last                         0x2000018c   Data           4  balance.o(.data)
    ALT_Control_Out                          0x20000190   Data           4  balance.o(.data)
    Alt_Error                                0x20000194   Data           4  balance.o(.data)
    Alt_Error_Last                           0x20000198   Data           4  balance.o(.data)
    Balance_Throttle                         0x2000019c   Data           4  balance.o(.data)
    Balance_Throttle1                        0x200001a0   Data           4  balance.o(.data)
    MOTO1_PWM                                0x200001a8   Data           4  motor.o(.data)
    MOTO2_PWM                                0x200001ac   Data           4  motor.o(.data)
    MOTO3_PWM                                0x200001b0   Data           4  motor.o(.data)
    MOTO4_PWM                                0x200001b4   Data           4  motor.o(.data)
    SystemCoreClock                          0x200001c8   Data           4  system_stm32f4xx.o(.data)
    AHBPrescTable                            0x200001cc   Data          16  system_stm32f4xx.o(.data)
    GYRO_OFFSET                              0x200001dc   Data           6  mpu6050.o(.data)
    ACC_OFFSET                               0x200001e2   Data           6  mpu6050.o(.data)
    GYRO_OFFSET_OK                           0x200001e8   Data           1  mpu6050.o(.data)
    ACC_OFFSET_OK                            0x200001e9   Data           1  mpu6050.o(.data)
    MPU6050_ACC_LAST                         0x200001ea   Data           6  mpu6050.o(.data)
    MPU6050_GYRO_LAST                        0x200001f0   Data           6  mpu6050.o(.data)
    MPU6050_GYRO_Gr_x                        0x200001f8   Data           4  mpu6050.o(.data)
    MPU6050_GYRO_Gr_y                        0x200001fc   Data           4  mpu6050.o(.data)
    MPU6050_GYRO_Gr_z                        0x20000200   Data           4  mpu6050.o(.data)
    X                                        0x20000224   Data           4  px4flow.o(.data)
    Y                                        0x20000228   Data           4  px4flow.o(.data)
    I                                        0x2000022c   Data           2  px4flow.o(.data)
    K                                        0x2000022e   Data           2  px4flow.o(.data)
    J                                        0x20000230   Data           2  px4flow.o(.data)
    T                                        0x20000232   Data           2  px4flow.o(.data)
    aid                                      0x20000234   Data           6  px4flow.o(.data)
    Alt_t                                    0x2000023a   Data           2  px4flow.o(.data)
    sum_x                                    0x2000023c   Data           4  px4flow.o(.data)
    sum_y                                    0x20000240   Data           4  px4flow.o(.data)
    v_x                                      0x20000244   Data           4  px4flow.o(.data)
    v_y                                      0x20000248   Data           4  px4flow.o(.data)
    FLOW_STATE                               0x2000024c   Data           4  px4flow.o(.data)
    F16x16                                   0x20000250   Data         128  oled.o(.data)
    BMP1                                     0x200002d0   Data        1024  oled.o(.data)
    Alt_bmp                                  0x200006d0   Data           4  task_bmp085.o(.data)
    Alt_bmp1                                 0x200006d4   Data           4  task_bmp085.o(.data)
    Alt_bmp2                                 0x200006d8   Data           4  task_bmp085.o(.data)
    TxCount                                  0x200006e8   Data           3  sys_usart.o(.data)
    USART3_RX_STA                            0x200006f6   Data           2  usart.o(.data)
    TIM1_CAPTURE_STA_CH1                     0x200006f8   Data           1  g32_timer_cap.o(.data)
    TIM1_CAPTURE_VAL_CH1                     0x200006fa   Data           2  g32_timer_cap.o(.data)
    TIM1_CAPTURE_STA_CH2                     0x200006fc   Data           1  g32_timer_cap.o(.data)
    TIM1_CAPTURE_VAL_CH2                     0x200006fe   Data           2  g32_timer_cap.o(.data)
    TIM3_CAPTURE_STA_CH1                     0x20000700   Data           1  g32_timer_cap.o(.data)
    TIM3_CAPTURE_VAL_CH1                     0x20000702   Data           2  g32_timer_cap.o(.data)
    TIM3_CAPTURE_STA_CH2                     0x20000704   Data           1  g32_timer_cap.o(.data)
    TIM3_CAPTURE_VAL_CH2                     0x20000706   Data           2  g32_timer_cap.o(.data)
    TIM3_CAPTURE_STA_CH3                     0x20000708   Data           1  g32_timer_cap.o(.data)
    TIM3_CAPTURE_VAL_CH3                     0x2000070a   Data           2  g32_timer_cap.o(.data)
    TIM3_CAPTURE_STA_CH4                     0x2000070c   Data           1  g32_timer_cap.o(.data)
    TIM3_CAPTURE_VAL_CH4                     0x2000070e   Data           2  g32_timer_cap.o(.data)
    TIM4_CAPTURE_STA_CH1                     0x20000710   Data           1  g32_timer_cap.o(.data)
    TIM4_CAPTURE_VAL_CH1                     0x20000712   Data           2  g32_timer_cap.o(.data)
    TIM4_CAPTURE_STA_CH2                     0x20000714   Data           1  g32_timer_cap.o(.data)
    TIM4_CAPTURE_VAL_CH2                     0x20000716   Data           2  g32_timer_cap.o(.data)
    Att_Angle_Avg                            0x20000718   Data          12  main.o(.bss)
    angle                                    0x20000730   Data          12  imu.o(.bss)
    Att_Angle                                0x2000073c   Data          12  imu.o(.bss)
    Rc_Data                                  0x200007ac   Data          20  rc.o(.bss)
    Rc_D                                     0x200007c0   Data          20  rc.o(.bss)
    Ex_ON_OFF                                0x200007d4   Data          16  data_transfer.o(.bss)
    Send                                     0x200007e4   Data          16  data_transfer.o(.bss)
    data_to_send                             0x200007f4   Data         120  data_transfer.o(.bss)
    PID_ROL                                  0x2000086c   Data          32  balance.o(.bss)
    PID_PIT                                  0x2000088c   Data          32  balance.o(.bss)
    PID_YAW                                  0x200008ac   Data          32  balance.o(.bss)
    PID_ALT                                  0x200008cc   Data          32  balance.o(.bss)
    PID_POS                                  0x200008ec   Data          32  balance.o(.bss)
    PID_PID_1                                0x2000090c   Data          32  balance.o(.bss)
    PID_PID_2                                0x2000092c   Data          32  balance.o(.bss)
    PID_PID_3                                0x2000094c   Data          32  balance.o(.bss)
    PID_PID_4                                0x2000096c   Data          32  balance.o(.bss)
    PID_PID_5                                0x2000098c   Data          32  balance.o(.bss)
    PID_PID_6                                0x200009ac   Data          32  balance.o(.bss)
    PID_PID_7                                0x200009cc   Data          32  balance.o(.bss)
    PID_PID_8                                0x200009ec   Data          32  balance.o(.bss)
    PID_PID_9                                0x20000a0c   Data          32  balance.o(.bss)
    PID_PID_10                               0x20000a2c   Data          32  balance.o(.bss)
    PID_PID_11                               0x20000a4c   Data          32  balance.o(.bss)
    PID_PID_12                               0x20000a6c   Data          32  balance.o(.bss)
    mpu6050_buffer                           0x20000a98   Data          14  mpu6050.o(.bss)
    flow                                     0x20000aa6   Data          22  px4flow.o(.bss)
    PX4FLOW_buffer                           0x20000abc   Data          24  px4flow.o(.bss)
    flow_buf                                 0x20000ad4   Data          22  px4flow.o(.bss)
    timers                                   0x20000aec   Data          32  sys_os.o(.bss)
    TxBuffer                                 0x20000b0c   Data         765  sys_usart.o(.bss)
    USART3_RX_BUF                            0x20000e3b   Data         200  usart.o(.bss)
    __libspace_start                         0x20000f24   Data          96  libspace.o(.bss)
    __temporary_stack_top$libspace           0x20000f84   Data           0  libspace.o(.bss)



==============================================================================

Memory Map of the image

  Image Entry point : 0x08000189

  Load Region LR_IROM1 (Base: 0x08000000, Size: 0x0000cc48, Max: 0x00080000, ABSOLUTE, COMPRESSED[0x0000c708])

    Execution Region ER_IROM1 (Base: 0x08000000, Size: 0x0000c530, Max: 0x00080000, ABSOLUTE)

    Base Addr    Size         Type   Attr      Idx    E Section Name        Object

    0x08000000   0x00000188   Data   RO          462    RESET               startup_stm32f4xx.o
    0x08000188   0x00000008   Code   RO          958  * !!!main             c_w.l(__main.o)
    0x08000190   0x00000034   Code   RO         1413    !!!scatter          c_w.l(__scatter.o)
    0x080001c4   0x0000005a   Code   RO         1411    !!dczerorl2         c_w.l(__dczerorl2.o)
    0x0800021e   0x00000002   PAD
    0x08000220   0x0000001c   Code   RO         1415    !!handler_zi        c_w.l(__scatter_zi.o)
    0x0800023c   0x00000000   Code   RO         1118    .ARM.Collect$$_printf_percent$$00000000  c_w.l(_printf_percent.o)
    0x0800023c   0x00000006   Code   RO         1107    .ARM.Collect$$_printf_percent$$00000001  c_w.l(_printf_n.o)
    0x08000242   0x00000006   Code   RO         1109    .ARM.Collect$$_printf_percent$$00000002  c_w.l(_printf_p.o)
    0x08000248   0x00000006   Code   RO         1114    .ARM.Collect$$_printf_percent$$00000003  c_w.l(_printf_f.o)
    0x0800024e   0x00000006   Code   RO         1115    .ARM.Collect$$_printf_percent$$00000004  c_w.l(_printf_e.o)
    0x08000254   0x00000006   Code   RO         1116    .ARM.Collect$$_printf_percent$$00000005  c_w.l(_printf_g.o)
    0x0800025a   0x00000006   Code   RO         1117    .ARM.Collect$$_printf_percent$$00000006  c_w.l(_printf_a.o)
    0x08000260   0x0000000a   Code   RO         1122    .ARM.Collect$$_printf_percent$$00000007  c_w.l(_printf_ll.o)
    0x0800026a   0x00000006   Code   RO         1111    .ARM.Collect$$_printf_percent$$00000008  c_w.l(_printf_i.o)
    0x08000270   0x00000006   Code   RO         1112    .ARM.Collect$$_printf_percent$$00000009  c_w.l(_printf_d.o)
    0x08000276   0x00000006   Code   RO         1113    .ARM.Collect$$_printf_percent$$0000000A  c_w.l(_printf_u.o)
    0x0800027c   0x00000006   Code   RO         1110    .ARM.Collect$$_printf_percent$$0000000B  c_w.l(_printf_o.o)
    0x08000282   0x00000006   Code   RO         1108    .ARM.Collect$$_printf_percent$$0000000C  c_w.l(_printf_x.o)
    0x08000288   0x00000006   Code   RO         1119    .ARM.Collect$$_printf_percent$$0000000D  c_w.l(_printf_lli.o)
    0x0800028e   0x00000006   Code   RO         1120    .ARM.Collect$$_printf_percent$$0000000E  c_w.l(_printf_lld.o)
    0x08000294   0x00000006   Code   RO         1121    .ARM.Collect$$_printf_percent$$0000000F  c_w.l(_printf_llu.o)
    0x0800029a   0x00000006   Code   RO         1126    .ARM.Collect$$_printf_percent$$00000010  c_w.l(_printf_llo.o)
    0x080002a0   0x00000006   Code   RO         1127    .ARM.Collect$$_printf_percent$$00000011  c_w.l(_printf_llx.o)
    0x080002a6   0x0000000a   Code   RO         1123    .ARM.Collect$$_printf_percent$$00000012  c_w.l(_printf_l.o)
    0x080002b0   0x00000006   Code   RO         1105    .ARM.Collect$$_printf_percent$$00000013  c_w.l(_printf_c.o)
    0x080002b6   0x00000006   Code   RO         1106    .ARM.Collect$$_printf_percent$$00000014  c_w.l(_printf_s.o)
    0x080002bc   0x00000006   Code   RO         1124    .ARM.Collect$$_printf_percent$$00000015  c_w.l(_printf_lc.o)
    0x080002c2   0x00000006   Code   RO         1125    .ARM.Collect$$_printf_percent$$00000016  c_w.l(_printf_ls.o)
    0x080002c8   0x00000004   Code   RO         1222    .ARM.Collect$$_printf_percent$$00000017  c_w.l(_printf_percent_end.o)
    0x080002cc   0x00000002   Code   RO         1280    .ARM.Collect$$libinit$$00000000  c_w.l(libinit.o)
    0x080002ce   0x00000004   Code   RO         1290    .ARM.Collect$$libinit$$00000001  c_w.l(libinit2.o)
    0x080002d2   0x00000000   Code   RO         1294    .ARM.Collect$$libinit$$00000008  c_w.l(libinit2.o)
    0x080002d2   0x00000000   Code   RO         1296    .ARM.Collect$$libinit$$0000000A  c_w.l(libinit2.o)
    0x080002d2   0x00000000   Code   RO         1298    .ARM.Collect$$libinit$$0000000C  c_w.l(libinit2.o)
    0x080002d2   0x00000006   Code   RO         1299    .ARM.Collect$$libinit$$0000000D  c_w.l(libinit2.o)
    0x080002d8   0x00000000   Code   RO         1301    .ARM.Collect$$libinit$$0000000F  c_w.l(libinit2.o)
    0x080002d8   0x0000000c   Code   RO         1302    .ARM.Collect$$libinit$$00000010  c_w.l(libinit2.o)
    0x080002e4   0x00000000   Code   RO         1303    .ARM.Collect$$libinit$$00000011  c_w.l(libinit2.o)
    0x080002e4   0x00000000   Code   RO         1305    .ARM.Collect$$libinit$$00000013  c_w.l(libinit2.o)
    0x080002e4   0x0000000a   Code   RO         1306    .ARM.Collect$$libinit$$00000014  c_w.l(libinit2.o)
    0x080002ee   0x00000000   Code   RO         1307    .ARM.Collect$$libinit$$00000015  c_w.l(libinit2.o)
    0x080002ee   0x00000000   Code   RO         1309    .ARM.Collect$$libinit$$00000017  c_w.l(libinit2.o)
    0x080002ee   0x00000000   Code   RO         1311    .ARM.Collect$$libinit$$00000019  c_w.l(libinit2.o)
    0x080002ee   0x00000000   Code   RO         1313    .ARM.Collect$$libinit$$0000001B  c_w.l(libinit2.o)
    0x080002ee   0x00000000   Code   RO         1315    .ARM.Collect$$libinit$$0000001D  c_w.l(libinit2.o)
    0x080002ee   0x00000000   Code   RO         1317    .ARM.Collect$$libinit$$0000001F  c_w.l(libinit2.o)
    0x080002ee   0x00000000   Code   RO         1319    .ARM.Collect$$libinit$$00000021  c_w.l(libinit2.o)
    0x080002ee   0x00000000   Code   RO         1321    .ARM.Collect$$libinit$$00000023  c_w.l(libinit2.o)
    0x080002ee   0x00000000   Code   RO         1325    .ARM.Collect$$libinit$$0000002A  c_w.l(libinit2.o)
    0x080002ee   0x00000000   Code   RO         1327    .ARM.Collect$$libinit$$0000002C  c_w.l(libinit2.o)
    0x080002ee   0x00000000   Code   RO         1329    .ARM.Collect$$libinit$$0000002E  c_w.l(libinit2.o)
    0x080002ee   0x00000000   Code   RO         1331    .ARM.Collect$$libinit$$00000030  c_w.l(libinit2.o)
    0x080002ee   0x00000002   Code   RO         1332    .ARM.Collect$$libinit$$00000031  c_w.l(libinit2.o)
    0x080002f0   0x00000002   Code   RO         1352    .ARM.Collect$$libshutdown$$00000000  c_w.l(libshutdown.o)
    0x080002f2   0x00000000   Code   RO         1366    .ARM.Collect$$libshutdown$$00000003  c_w.l(libshutdown2.o)
    0x080002f2   0x00000000   Code   RO         1369    .ARM.Collect$$libshutdown$$00000006  c_w.l(libshutdown2.o)
    0x080002f2   0x00000000   Code   RO         1372    .ARM.Collect$$libshutdown$$00000009  c_w.l(libshutdown2.o)
    0x080002f2   0x00000000   Code   RO         1374    .ARM.Collect$$libshutdown$$0000000B  c_w.l(libshutdown2.o)
    0x080002f2   0x00000000   Code   RO         1377    .ARM.Collect$$libshutdown$$0000000E  c_w.l(libshutdown2.o)
    0x080002f2   0x00000002   Code   RO         1378    .ARM.Collect$$libshutdown$$0000000F  c_w.l(libshutdown2.o)
    0x080002f4   0x00000000   Code   RO         1034    .ARM.Collect$$rtentry$$00000000  c_w.l(rtentry.o)
    0x080002f4   0x00000000   Code   RO         1188    .ARM.Collect$$rtentry$$00000002  c_w.l(rtentry2.o)
    0x080002f4   0x00000006   Code   RO         1200    .ARM.Collect$$rtentry$$00000004  c_w.l(rtentry4.o)
    0x080002fa   0x00000000   Code   RO         1190    .ARM.Collect$$rtentry$$00000009  c_w.l(rtentry2.o)
    0x080002fa   0x00000004   Code   RO         1191    .ARM.Collect$$rtentry$$0000000A  c_w.l(rtentry2.o)
    0x080002fe   0x00000000   Code   RO         1193    .ARM.Collect$$rtentry$$0000000C  c_w.l(rtentry2.o)
    0x080002fe   0x00000008   Code   RO         1194    .ARM.Collect$$rtentry$$0000000D  c_w.l(rtentry2.o)
    0x08000306   0x00000002   Code   RO         1283    .ARM.Collect$$rtexit$$00000000  c_w.l(rtexit.o)
    0x08000308   0x00000000   Code   RO         1334    .ARM.Collect$$rtexit$$00000002  c_w.l(rtexit2.o)
    0x08000308   0x00000004   Code   RO         1335    .ARM.Collect$$rtexit$$00000003  c_w.l(rtexit2.o)
    0x0800030c   0x00000006   Code   RO         1336    .ARM.Collect$$rtexit$$00000004  c_w.l(rtexit2.o)
    0x08000312   0x00000002   PAD
    0x08000314   0x00000640   Code   RO            2    .text               main.o
    0x08000954   0x000000cc   Code   RO          254    .text               stm32f4xx_it.o
    0x08000a20   0x000007f8   Code   RO          277    .text               imu.o
    0x08001218   0x000001b8   Code   RO          307    .text               rc.o
    0x080013d0   0x0000044c   Code   RO          330    .text               flash_eeprom.o
    0x0800181c   0x00002444   Code   RO          361    .text               data_transfer.o
    0x08003c60   0x00000a84   Code   RO          394    .text               balance.o
    0x080046e4   0x00000040   Code   RO          439    .text               motor.o
    0x08004724   0x00000040   Code   RO          463    .text               startup_stm32f4xx.o
    0x08004764   0x000000e0   Code   RO          468    .text               misc.o
    0x08004844   0x0000025c   Code   RO          484    .text               stm32f4xx_gpio.o
    0x08004aa0   0x00000588   Code   RO          500    .text               stm32f4xx_rcc.o
    0x08005028   0x0000041a   Code   RO          518    .text               stm32f4xx_usart.o
    0x08005442   0x00000002   PAD
    0x08005444   0x00000ca2   Code   RO          534    .text               stm32f4xx_tim.o
    0x080060e6   0x00000002   PAD
    0x080060e8   0x000004bc   Code   RO          598    .text               stm32f4xx_flash.o
    0x080065a4   0x00000210   Code   RO          630    .text               system_stm32f4xx.o
    0x080067b4   0x000003dc   Code   RO          652    .text               mpu6050.o
    0x08006b90   0x00000254   Code   RO          681    .text               px4flow.o
    0x08006de4   0x00000304   Code   RO          702    .text               oled.o
    0x080070e8   0x0000000c   Code   RO          766    .text               sys.o
    0x080070f4   0x000002bc   Code   RO          782    .text               sys_usart.o
    0x080073b0   0x000000e8   Code   RO          829    .text               minos_delay.o
    0x08007498   0x00000154   Code   RO          848    .text               usart.o
    0x080075ec   0x00000188   Code   RO          876    .text               pwm.o
    0x08007774   0x000004cc   Code   RO          912    .text               g32_timer_cap.o
    0x08007c40   0x00000532   Code   RO          934    .text               g32_i2c.o
    0x08008172   0x00000002   PAD
    0x08008174   0x00000024   Code   RO          954    .text               c_w.l(vsprintf.o)
    0x08008198   0x00000006   Code   RO          956    .text               c_w.l(heapauxi.o)
    0x0800819e   0x00000016   Code   RO         1035    .text               c_w.l(_rserrno.o)
    0x080081b4   0x0000004e   Code   RO         1039    .text               c_w.l(_printf_pad.o)
    0x08008202   0x00000024   Code   RO         1041    .text               c_w.l(_printf_truncate.o)
    0x08008226   0x00000052   Code   RO         1043    .text               c_w.l(_printf_str.o)
    0x08008278   0x00000074   Code   RO         1045    .text               c_w.l(_printf_dec.o)
    0x080082ec   0x00000028   Code   RO         1047    .text               c_w.l(_printf_charcount.o)
    0x08008314   0x00000030   Code   RO         1049    .text               c_w.l(_printf_char_common.o)
    0x08008344   0x0000000a   Code   RO         1051    .text               c_w.l(_sputc.o)
    0x0800834e   0x00000002   PAD
    0x08008350   0x000000bc   Code   RO         1053    .text               c_w.l(_printf_wctomb.o)
    0x0800840c   0x00000078   Code   RO         1056    .text               c_w.l(_printf_longlong_dec.o)
    0x08008484   0x00000070   Code   RO         1062    .text               c_w.l(_printf_oct_int_ll.o)
    0x080084f4   0x00000094   Code   RO         1082    .text               c_w.l(_printf_hex_int_ll_ptr.o)
    0x08008588   0x00000188   Code   RO         1102    .text               c_w.l(__printf_flags_ss_wp.o)
    0x08008710   0x00000008   Code   RO         1205    .text               c_w.l(rt_errno_addr_intlibspace.o)
    0x08008718   0x0000008a   Code   RO         1207    .text               c_w.l(lludiv10.o)
    0x080087a2   0x000000b2   Code   RO         1209    .text               c_w.l(_printf_intcommon.o)
    0x08008854   0x00000416   Code   RO         1211    .text               c_w.l(_printf_fp_dec.o)
    0x08008c6a   0x00000002   PAD
    0x08008c6c   0x000002f8   Code   RO         1213    .text               c_w.l(_printf_fp_hex.o)
    0x08008f64   0x0000002c   Code   RO         1218    .text               c_w.l(_printf_char.o)
    0x08008f90   0x0000002c   Code   RO         1220    .text               c_w.l(_printf_wchar.o)
    0x08008fbc   0x00000040   Code   RO         1223    .text               c_w.l(_wcrtomb.o)
    0x08008ffc   0x00000008   Code   RO         1231    .text               c_w.l(libspace.o)
    0x08009004   0x0000004a   Code   RO         1234    .text               c_w.l(sys_stackheap_outer.o)
    0x0800904e   0x00000002   PAD
    0x08009050   0x00000010   Code   RO         1236    .text               c_w.l(rt_ctype_table.o)
    0x08009060   0x00000008   Code   RO         1241    .text               c_w.l(rt_locale_intlibspace.o)
    0x08009068   0x00000080   Code   RO         1243    .text               c_w.l(_printf_fp_infnan.o)
    0x080090e8   0x000000d8   Code   RO         1245    .text               c_w.l(bigflt0.o)
    0x080091c0   0x0000000c   Code   RO         1273    .text               c_w.l(exit.o)
    0x080091cc   0x00000080   Code   RO         1288    .text               c_w.l(strcmpv7m.o)
    0x0800924c   0x0000000c   Code   RO         1344    .text               c_w.l(sys_exit.o)
    0x08009258   0x00000002   Code   RO         1355    .text               c_w.l(use_no_semi.o)
    0x0800925a   0x00000000   Code   RO         1357    .text               c_w.l(indicate_semi.o)
    0x0800925a   0x0000003e   Code   RO         1248    CL$$btod_d2e        c_w.l(btod.o)
    0x08009298   0x00000046   Code   RO         1250    CL$$btod_d2e_denorm_low  c_w.l(btod.o)
    0x080092de   0x00000060   Code   RO         1249    CL$$btod_d2e_norm_op1  c_w.l(btod.o)
    0x0800933e   0x00000338   Code   RO         1258    CL$$btod_div_common  c_w.l(btod.o)
    0x08009676   0x000000c6   Code   RO         1255    CL$$btod_e2e        c_w.l(btod.o)
    0x0800973c   0x00000028   Code   RO         1252    CL$$btod_ediv       c_w.l(btod.o)
    0x08009764   0x00000028   Code   RO         1251    CL$$btod_emul       c_w.l(btod.o)
    0x0800978c   0x00000244   Code   RO         1257    CL$$btod_mult_common  c_w.l(btod.o)
    0x080099d0   0x00000030   Code   RO         1171    i.__ARM_fpclassify  m_wm.l(fpclassify.o)
    0x08009a00   0x00000370   Code   RO          984    i.__hardfp_asin     m_wm.l(asin.o)
    0x08009d70   0x000002e0   Code   RO         1149    i.__hardfp_atan     m_wm.l(atan.o)
    0x0800a050   0x000001f0   Code   RO          998    i.__hardfp_atan2    m_wm.l(atan2.o)
    0x0800a240   0x0000007a   Code   RO         1010    i.__hardfp_sqrt     m_wm.l(sqrt.o)
    0x0800a2ba   0x00000006   PAD
    0x0800a2c0   0x000000a0   Code   RO         1022    i.__hardfp_tan      m_wm.l(tan.o)
    0x0800a360   0x00000438   Code   RO         1176    i.__ieee754_rem_pio2  m_wm.l(rred.o)
    0x0800a798   0x000000f8   Code   RO         1173    i.__kernel_poly     m_wm.l(poly.o)
    0x0800a890   0x00000350   Code   RO         1181    i.__kernel_tan      m_wm.l(tan_i.o)
    0x0800abe0   0x00000020   Code   RO         1163    i.__mathlib_dbl_underflow  m_wm.l(dunder.o)
    0x0800ac00   0x0000000e   Code   RO         1095    i._is_digit         c_w.l(__printf_wp.o)
    0x0800ac0e   0x00000010   Code   RO         1151    i.atan              m_wm.l(atan.o)
    0x0800ac1e   0x00000018   Code   RO         1167    i.fabs              m_wm.l(fabs.o)
    0x0800ac36   0x0000006e   Code   RO         1012    i.sqrt              m_wm.l(sqrt.o)
    0x0800aca4   0x0000002c   Code   RO         1271    locale$$code        c_w.l(lc_numeric_c.o)
    0x0800acd0   0x0000002c   Code   RO         1286    locale$$code        c_w.l(lc_ctype_c.o)
    0x0800acfc   0x00000018   Code   RO          960    x$fpl$basic         fz_wm.l(basic.o)
    0x0800ad14   0x00000062   Code   RO          962    x$fpl$d2f           fz_wm.l(d2f.o)
    0x0800ad76   0x00000002   PAD
    0x0800ad78   0x00000150   Code   RO          964    x$fpl$dadd          fz_wm.l(daddsub_clz.o)
    0x0800aec8   0x000002b0   Code   RO          971    x$fpl$ddiv          fz_wm.l(ddiv.o)
    0x0800b178   0x0000005e   Code   RO         1227    x$fpl$dfix          fz_wm.l(dfix.o)
    0x0800b1d6   0x0000002e   Code   RO          975    x$fpl$dflt          fz_wm.l(dflt_clz.o)
    0x0800b204   0x00000026   Code   RO          974    x$fpl$dfltu         fz_wm.l(dflt_clz.o)
    0x0800b22a   0x00000002   PAD
    0x0800b22c   0x00000154   Code   RO          980    x$fpl$dmul          fz_wm.l(dmul.o)
    0x0800b380   0x0000009c   Code   RO         1130    x$fpl$dnaninf       fz_wm.l(dnaninf.o)
    0x0800b41c   0x0000000c   Code   RO         1132    x$fpl$dretinf       fz_wm.l(dretinf.o)
    0x0800b428   0x00000016   Code   RO          965    x$fpl$drsb          fz_wm.l(daddsub_clz.o)
    0x0800b43e   0x00000002   PAD
    0x0800b440   0x00000198   Code   RO         1134    x$fpl$dsqrt         fz_wm.l(dsqrt_umaal.o)
    0x0800b5d8   0x000001d4   Code   RO          966    x$fpl$dsub          fz_wm.l(daddsub_clz.o)
    0x0800b7ac   0x00000056   Code   RO          982    x$fpl$f2d           fz_wm.l(f2d.o)
    0x0800b802   0x0000008c   Code   RO         1136    x$fpl$fnaninf       fz_wm.l(fnaninf.o)
    0x0800b88e   0x0000000a   Code   RO         1342    x$fpl$fpinit        fz_wm.l(fpinit.o)
    0x0800b898   0x0000000a   Code   RO         1138    x$fpl$fretinf       fz_wm.l(fretinf.o)
    0x0800b8a2   0x00000004   Code   RO         1140    x$fpl$printf1       fz_wm.l(printf1.o)
    0x0800b8a6   0x00000004   Code   RO         1142    x$fpl$printf2       fz_wm.l(printf2.o)
    0x0800b8aa   0x00000000   Code   RO         1148    x$fpl$usenofp       fz_wm.l(usenofp.o)
    0x0800b8aa   0x00000818   Data   RO          703    .constdata          oled.o
    0x0800c0c2   0x00000006   PAD
    0x0800c0c8   0x00000050   Data   RO          987    .constdata          m_wm.l(asin.o)
    0x0800c118   0x00000008   Data   RO         1054    .constdata          c_w.l(_printf_wctomb.o)
    0x0800c120   0x00000028   Data   RO         1083    .constdata          c_w.l(_printf_hex_int_ll_ptr.o)
    0x0800c148   0x00000011   Data   RO         1103    .constdata          c_w.l(__printf_flags_ss_wp.o)
    0x0800c159   0x00000007   PAD
    0x0800c160   0x00000098   Data   RO         1152    .constdata          m_wm.l(atan.o)
    0x0800c1f8   0x00000008   Data   RO         1175    .constdata          m_wm.l(qnan.o)
    0x0800c200   0x000000c8   Data   RO         1178    .constdata          m_wm.l(rred.o)
    0x0800c2c8   0x00000060   Data   RO         1182    .constdata          m_wm.l(tan_i.o)
    0x0800c328   0x00000026   Data   RO         1214    .constdata          c_w.l(_printf_fp_hex.o)
    0x0800c34e   0x00000002   PAD
    0x0800c350   0x00000094   Data   RO         1246    .constdata          c_w.l(bigflt0.o)
    0x0800c3e4   0x00000020   Data   RO         1409    Region$$Table       anon$$obj.o
    0x0800c404   0x0000001c   Data   RO         1270    locale$$data        c_w.l(lc_numeric_c.o)
    0x0800c420   0x00000110   Data   RO         1285    locale$$data        c_w.l(lc_ctype_c.o)


    Execution Region RW_IRAM1 (Base: 0x20000000, Size: 0x00001588, Max: 0x00020000, ABSOLUTE, COMPRESSED[0x000001d8])

    Base Addr    Size         Type   Attr      Idx    E Section Name        Object

    0x20000000   0x00000019   Data   RW            4    .data               main.o
    0x20000019   0x00000003   PAD
    0x2000001c   0x00000030   Data   RW          255    .data               stm32f4xx_it.o
    0x2000004c   0x00000058   Data   RW          279    .data               imu.o
    0x200000a4   0x0000000a   Data   RW          309    .data               rc.o
    0x200000ae   0x00000002   PAD
    0x200000b0   0x00000052   Data   RW          363    .data               data_transfer.o
    0x20000102   0x00000002   PAD
    0x20000104   0x000000a4   Data   RW          396    .data               balance.o
    0x200001a8   0x00000010   Data   RW          440    .data               motor.o
    0x200001b8   0x00000010   Data   RW          501    .data               stm32f4xx_rcc.o
    0x200001c8   0x00000014   Data   RW          631    .data               system_stm32f4xx.o
    0x200001dc   0x00000045   Data   RW          654    .data               mpu6050.o
    0x20000221   0x00000003   PAD
    0x20000224   0x0000002c   Data   RW          683    .data               px4flow.o
    0x20000250   0x00000480   Data   RW          704    .data               oled.o
    0x200006d0   0x00000018   Data   RW          726    .data               task_bmp085.o
    0x200006e8   0x00000009   Data   RW          784    .data               sys_usart.o
    0x200006f1   0x00000001   PAD
    0x200006f2   0x00000004   Data   RW          830    .data               minos_delay.o
    0x200006f6   0x00000002   Data   RW          850    .data               usart.o
    0x200006f8   0x00000020   Data   RW          913    .data               g32_timer_cap.o
    0x20000718   0x00000018   Zero   RW            3    .bss                main.o
    0x20000730   0x0000007c   Zero   RW          278    .bss                imu.o
    0x200007ac   0x00000028   Zero   RW          308    .bss                rc.o
    0x200007d4   0x00000098   Zero   RW          362    .bss                data_transfer.o
    0x2000086c   0x0000022c   Zero   RW          395    .bss                balance.o
    0x20000a98   0x0000000e   Zero   RW          653    .bss                mpu6050.o
    0x20000aa6   0x00000044   Zero   RW          682    .bss                px4flow.o
    0x20000aea   0x00000002   PAD
    0x20000aec   0x00000020   Zero   RW          749    .bss                sys_os.o
    0x20000b0c   0x0000032f   Zero   RW          783    .bss                sys_usart.o
    0x20000e3b   0x000000c8   Zero   RW          849    .bss                usart.o
    0x20000f03   0x00000001   PAD
    0x20000f04   0x00000020   Zero   RW          877    .bss                pwm.o
    0x20000f24   0x00000060   Zero   RW         1232    .bss                c_w.l(libspace.o)
    0x20000f84   0x00000004   PAD
    0x20000f88   0x00000200   Zero   RW          461    HEAP                startup_stm32f4xx.o
    0x20001188   0x00000400   Zero   RW          460    STACK               startup_stm32f4xx.o


==============================================================================

Image component sizes


      Code (inc. data)   RO Data    RW Data    ZI Data      Debug   Object Name

      2692        326          0        164        556       8069   balance.o
      9284        462          0         82        152      12529   data_transfer.o
      1100         28          0          0          0       3347   flash_eeprom.o
      1330          4          0          0          0       6847   g32_i2c.o
      1228         72          0         32          0       3014   g32_timer_cap.o
      2040        170          0         88        124       3994   imu.o
      1600        204          0         25         24     270097   main.o
       232         16          0          4          0       1601   minos_delay.o
       224         20          0          0          0       1981   misc.o
        64          4          0         16          0        983   motor.o
       988         62          0         69         14      15049   mpu6050.o
       772         12       2072       1152          0       3352   oled.o
       392         20          0          0         32       1186   pwm.o
       596         50          0         44         68       2868   px4flow.o
       440         16          0         10         40       2378   rc.o
        64         26        392          0       1536        932   startup_stm32f4xx.o
      1212         26          0          0          0       7069   stm32f4xx_flash.o
       604         36          0          0          0       4221   stm32f4xx_gpio.o
       204         32          0         48          0       3288   stm32f4xx_it.o
      1416         48          0         16          0      11143   stm32f4xx_rcc.o
      3234         60          0          0          0      22460   stm32f4xx_tim.o
      1050         26          0          0          0       7936   stm32f4xx_usart.o
        12          0          0          0          0        489   sys.o
         0          0          0          0         32        561   sys_os.o
       700         42          0          9        815       4581   sys_usart.o
       528         46          0         20          0       2107   system_stm32f4xx.o
         0          0          0         24          0        794   task_bmp085.o
       340         18          0          2        200       1678   usart.o

    ----------------------------------------------------------------------
     32352       1826       2502       1816       3596     404554   Object Totals
         0          0         32          0          0          0   (incl. Generated)
         6          0          6         11          3          0   (incl. Padding)

    ----------------------------------------------------------------------

      Code (inc. data)   RO Data    RW Data    ZI Data      Debug   Library Member Name

        90          0          0          0          0          0   __dczerorl2.o
         8          0          0          0          0         68   __main.o
       392          4         17          0          0         92   __printf_flags_ss_wp.o
        14          0          0          0          0         68   __printf_wp.o
        52          8          0          0          0          0   __scatter.o
        28          0          0          0          0          0   __scatter_zi.o
         6          0          0          0          0          0   _printf_a.o
         6          0          0          0          0          0   _printf_c.o
        44          0          0          0          0        108   _printf_char.o
        48          6          0          0          0         96   _printf_char_common.o
        40          0          0          0          0         68   _printf_charcount.o
         6          0          0          0          0          0   _printf_d.o
       116         16          0          0          0         92   _printf_dec.o
         6          0          0          0          0          0   _printf_e.o
         6          0          0          0          0          0   _printf_f.o
      1046          0          0          0          0        216   _printf_fp_dec.o
       760         10         38          0          0        100   _printf_fp_hex.o
       128         16          0          0          0         84   _printf_fp_infnan.o
         6          0          0          0          0          0   _printf_g.o
       148          4         40          0          0        160   _printf_hex_int_ll_ptr.o
         6          0          0          0          0          0   _printf_i.o
       178          0          0          0          0         88   _printf_intcommon.o
        10          0          0          0          0          0   _printf_l.o
         6          0          0          0          0          0   _printf_lc.o
        10          0          0          0          0          0   _printf_ll.o
         6          0          0          0          0          0   _printf_lld.o
         6          0          0          0          0          0   _printf_lli.o
         6          0          0          0          0          0   _printf_llo.o
         6          0          0          0          0          0   _printf_llu.o
         6          0          0          0          0          0   _printf_llx.o
       120         16          0          0          0         92   _printf_longlong_dec.o
         6          0          0          0          0          0   _printf_ls.o
         6          0          0          0          0          0   _printf_n.o
         6          0          0          0          0          0   _printf_o.o
       112          8          0          0          0        124   _printf_oct_int_ll.o
         6          0          0          0          0          0   _printf_p.o
        78          0          0          0          0        108   _printf_pad.o
         0          0          0          0          0          0   _printf_percent.o
         4          0          0          0          0          0   _printf_percent_end.o
         6          0          0          0          0          0   _printf_s.o
        82          0          0          0          0         80   _printf_str.o
        36          0          0          0          0         84   _printf_truncate.o
         6          0          0          0          0          0   _printf_u.o
        44          0          0          0          0        108   _printf_wchar.o
       188          6          8          0          0         92   _printf_wctomb.o
         6          0          0          0          0          0   _printf_x.o
        22          0          0          0          0        100   _rserrno.o
        10          0          0          0          0         68   _sputc.o
        64          0          0          0          0         92   _wcrtomb.o
       216          4        148          0          0         96   bigflt0.o
      1910        128          0          0          0        672   btod.o
        12          0          0          0          0         72   exit.o
         6          0          0          0          0        152   heapauxi.o
         0          0          0          0          0          0   indicate_semi.o
        44         10        272          0          0         76   lc_ctype_c.o
        44         10         28          0          0         76   lc_numeric_c.o
         2          0          0          0          0          0   libinit.o
        34          0          0          0          0          0   libinit2.o
         2          0          0          0          0          0   libshutdown.o
         2          0          0          0          0          0   libshutdown2.o
         8          4          0          0         96         68   libspace.o
       138          0          0          0          0         80   lludiv10.o
        16          4          0          0          0         76   rt_ctype_table.o
         8          4          0          0          0         68   rt_errno_addr_intlibspace.o
         8          4          0          0          0         68   rt_locale_intlibspace.o
         0          0          0          0          0          0   rtentry.o
        12          0          0          0          0          0   rtentry2.o
         6          0          0          0          0          0   rtentry4.o
         2          0          0          0          0          0   rtexit.o
        10          0          0          0          0          0   rtexit2.o
       128          0          0          0          0         68   strcmpv7m.o
        12          4          0          0          0         68   sys_exit.o
        74          0          0          0          0         80   sys_stackheap_outer.o
         2          0          0          0          0         68   use_no_semi.o
        36          4          0          0          0         76   vsprintf.o
        24          0          0          0          0        164   basic.o
        98          4          0          0          0        140   d2f.o
       826         16          0          0          0        492   daddsub_clz.o
       688        140          0          0          0        256   ddiv.o
        94          4          0          0          0        140   dfix.o
        84          0          0          0          0        232   dflt_clz.o
       340         12          0          0          0        152   dmul.o
       156          4          0          0          0        140   dnaninf.o
        12          0          0          0          0        116   dretinf.o
       408         56          0          0          0        168   dsqrt_umaal.o
        86          4          0          0          0        132   f2d.o
       140          4          0          0          0        132   fnaninf.o
        10          0          0          0          0        116   fpinit.o
        10          0          0          0          0        116   fretinf.o
         4          0          0          0          0        116   printf1.o
         4          0          0          0          0        116   printf2.o
         0          0          0          0          0          0   usenofp.o
       880        110         80          0          0        200   asin.o
       752        104        152          0          0        344   atan.o
       496         70          0          0          0        156   atan2.o
        32          8          0          0          0        124   dunder.o
        24          0          0          0          0        124   fabs.o
        48          0          0          0          0        124   fpclassify.o
       248          0          0          0          0        152   poly.o
         0          0          8          0          0          0   qnan.o
      1080        142        200          0          0        188   rred.o
       232          0          0          0          0        296   sqrt.o
       160         18          0          0          0        152   tan.o
       848         84         96          0          0        196   tan_i.o

    ----------------------------------------------------------------------
     14530       1050       1096          0        100       8836   Library Totals
        22          0          9          0          4          0   (incl. Padding)

    ----------------------------------------------------------------------

      Code (inc. data)   RO Data    RW Data    ZI Data      Debug   Library Name

      6724        270        551          0         96       4052   c_w.l
      2984        244          0          0          0       2728   fz_wm.l
      4800        536        536          0          0       2056   m_wm.l

    ----------------------------------------------------------------------
     14530       1050       1096          0        100       8836   Library Totals

    ----------------------------------------------------------------------

==============================================================================


      Code (inc. data)   RO Data    RW Data    ZI Data      Debug   

     46882       2876       3598       1816       3696     403306   Grand Totals
     46882       2876       3598        472       3696     403306   ELF Image Totals (compressed)
     46882       2876       3598        472          0          0   ROM Totals

==============================================================================

    Total RO  Size (Code + RO Data)                50480 (  49.30kB)
    Total RW  Size (RW Data + ZI Data)              5512 (   5.38kB)
    Total ROM Size (Code + RO Data + RW Data)      50952 (  49.76kB)

==============================================================================

